Archive member included to satisfy reference by file (symbol)

./build/open_esplibs_libmain.a(ets_timer.o)
                              (--whole-archive)
./build/open_esplibs_libmain.a(misc.o)
                              (--whole-archive)
./build/open_esplibs_libmain.a(os_cpu_a.o)
                              (--whole-archive)
./build/open_esplibs_libmain.a(spi_flash.o)
                              (--whole-archive)
./build/open_esplibs_libmain.a(timers.o)
                              (--whole-archive)
./build/open_esplibs_libmain.a(uart.o)
                              (--whole-archive)
./build/open_esplibs_libmain.a(user_interface.o)
                              (--whole-archive)
./build/open_esplibs_libmain.a(xtensa_context.o)
                              (--whole-archive)
./build/open_esplibs_libnet80211.a(ieee80211_ets.o)
                              (--whole-archive)
./build/open_esplibs_libnet80211.a(ieee80211_hostap.o)
                              (--whole-archive)
./build/open_esplibs_libnet80211.a(ieee80211_input.o)
                              (--whole-archive)
./build/open_esplibs_libnet80211.a(ieee80211_sta.o)
                              (--whole-archive)
./build/open_esplibs_libnet80211.a(wl_cnx.o)
                              (--whole-archive)
./build/open_esplibs_libphy.a(phy.o)
                              (--whole-archive)
./build/open_esplibs_libphy.a(phy_chip_v6.o)
                              (--whole-archive)
./build/open_esplibs_libphy.a(phy_sleep.o)
                              (--whole-archive)
./build/open_esplibs_libpp.a(esf_buf.o)
                              (--whole-archive)
./build/open_esplibs_libpp.a(if_hwctrl.o)
                              (--whole-archive)
./build/open_esplibs_libpp.a(lmac.o)
                              (--whole-archive)
./build/open_esplibs_libpp.a(pm.o)
                              (--whole-archive)
./build/open_esplibs_libpp.a(pp.o)
                              (--whole-archive)
./build/open_esplibs_libpp.a(wdev.o)
                              (--whole-archive)
./build/open_esplibs_libwpa.a(os_xtensa.o)
                              (--whole-archive)
./build/open_esplibs_libwpa.a(wpa_main.o)
                              (--whole-archive)
./build/freertos.a(tasks.o)   ./build/open_esplibs_libmain.a(os_cpu_a.o) (pxCurrentTCB)
./build/freertos.a(timers.o)  ./build/freertos.a(tasks.o) (xTimerCreateTimerTask)
./build/freertos.a(port.o)    ./build/freertos.a(tasks.o) (vAssertCalled)
./build/freertos.a(list.o)    ./build/freertos.a(tasks.o) (vListInitialise)
./build/freertos.a(queue.o)   ./build/freertos.a(timers.o) (xQueueGenericCreate)
./build/lwip.a(esp_interface.o)
                              ./build/open_esplibs_libnet80211.a(ieee80211_input.o) (ethernetif_input)
./build/lwip.a(tcpip.o)       ./build/open_esplibs_libnet80211.a(ieee80211_hostap.o) (tcpip_input)
./build/lwip.a(def.o)         ./build/lwip.a(esp_interface.o) (lwip_htons)
./build/lwip.a(init.o)        ./build/lwip.a(tcpip.o) (lwip_init)
./build/lwip.a(mem.o)         ./build/lwip.a(init.o) (mem_init)
./build/lwip.a(memp.o)        ./build/lwip.a(init.o) (memp_init)
./build/lwip.a(netif.o)       ./build/lwip.a(init.o) (netif_init)
./build/lwip.a(pbuf.o)        ./build/open_esplibs_libnet80211.a(ieee80211_input.o) (pbuf_alloc_reference)
./build/lwip.a(tcp.o)         ./build/lwip.a(init.o) (tcp_init)
./build/lwip.a(tcp_in.o)      ./build/lwip.a(tcp.o) (tcp_input_pcb)
./build/lwip.a(tcp_out.o)     ./build/lwip.a(tcp.o) (tcp_enqueue_flags)
./build/lwip.a(timeouts.o)    ./build/lwip.a(tcp.o) (tcp_timer_needed)
./build/lwip.a(udp.o)         ./build/lwip.a(init.o) (udp_init)
./build/lwip.a(dhcp.o)        ./build/lwip.a(netif.o) (dhcp_network_changed)
./build/lwip.a(etharp.o)      ./build/lwip.a(netif.o) (etharp_cleanup_netif)
./build/lwip.a(icmp.o)        ./build/lwip.a(udp.o) (icmp_dest_unreach)
./build/lwip.a(igmp.o)        ./build/lwip.a(init.o) (igmp_init)
./build/lwip.a(ip4_addr.o)    ./build/lwip.a(tcp_in.o) (ip4_addr_isbroadcast_u32)
./build/lwip.a(ip4.o)         ./build/lwip.a(tcp.o) (ip4_route)
./build/lwip.a(ip4_frag.o)    ./build/lwip.a(timeouts.o) (ip_reass_tmr)
./build/lwip.a(ethernet.o)    ./build/lwip.a(etharp.o) (ethbroadcast)
./build/lwip.a(sys_arch.o)    ./build/lwip.a(tcpip.o) (sys_mutex_new)
./build/lwip.a(dns.o)         ./build/lwip.a(init.o) (dns_init)
./build/lwip.a(inet_chksum.o)
                              ./build/lwip.a(tcp_in.o) (ip_chksum_pseudo)
./build/lwip.a(ip.o)          ./build/lwip.a(tcp_in.o) (ip_data)
./build/core.a(app_main.o)    ./build/open_esplibs_libmain.a(user_interface.o) (sdk_user_init_flag)
./build/core.a(debug_dumps.o)
                              ./build/freertos.a(port.o) (abort)
./build/core.a(esp_hwrand.o)  ./build/lwip.a(tcp.o) (hwrand)
./build/core.a(esp_interrupts.o)
                              ./build/open_esplibs_libmain.a(ets_timer.o) (_xt_isr_attach)
[...]
Memory Configuration

Name             Origin             Length             Attributes
dport0_0_seg     0x3ff00000         0x00000010
dram0_0_seg      0x3ffe8000         0x00014000
iram1_0_seg      0x40100000         0x00008000
irom0_0_seg      0x40202010         0x000fdff0
*default*        0x00000000         0xffffffff

Linker script and memory map

LOAD ./build/open_esplibs_libmain.a
LOAD ./build/open_esplibs_libnet80211.a
LOAD ./build/open_esplibs_libphy.a
LOAD ./build/open_esplibs_libpp.a
LOAD ./build/open_esplibs_libwpa.a
START GROUP
LOAD ./build/program.a
LOAD ./build/rboot-ota.a
LOAD ./build/i2c.a
LOAD ./build/bmp280.a
LOAD ./build/mbedtls.a
LOAD ./build/httpd.a
LOAD ./build/freertos.a
LOAD ./build/lwip.a
LOAD ./build/core.a
LOAD ./build/open_esplibs.a
LOAD ./build/libgcc.a
LOAD ./build/libc.a
LOAD /home/bso/esp-open-sdk/xtensa-lx106-elf/xtensa-lx106-elf/sysroot/usr/lib/libhal.a
LOAD ./build/sdklib/libmain.a
LOAD ./build/sdklib/libnet80211.a
LOAD ./build/sdklib/libphy.a
LOAD ./build/sdklib/libpp.a
LOAD ./build/sdklib/libwpa.a
END GROUP
                0x401058a0                pvPortMalloc = malloc
                0x401058bc                vPortFree = free
                0x40100d7c                _lock_acquire = vPortEnterCritical
                0x40100d7c                _lock_acquire_recursive = vPortEnterCritical
                0x40100d7c                _lock_try_acquire = vPortEnterCritical
                0x40100d7c                _lock_try_acquire_recursive = vPortEnterCritical
                0x40100da4                _lock_release = vPortExitCritical
                0x40100da4                _lock_release_recursive = vPortExitCritical
                0x40105be0                ets_printf = printf
                [!provide]                PROVIDE (_memmap_vecbase_reset, 0x40000000)
                0x00000110                _memmap_cacheattr_wb_base = 0x110
                0x00000110                _memmap_cacheattr_wt_base = 0x110
                0x00000220                _memmap_cacheattr_bp_base = 0x220
                0xfffff00f                _memmap_cacheattr_unused_mask = 0xfffff00f
                0x2222211f                _memmap_cacheattr_wb_trapnull = 0x2222211f
                0x2222211f                _memmap_cacheattr_wba_trapnull = 0x2222211f
                0x2222211f                _memmap_cacheattr_wbna_trapnull = 0x2222211f
                0x2222211f                _memmap_cacheattr_wt_trapnull = 0x2222211f
                0x2222222f                _memmap_cacheattr_bp_trapnull = 0x2222222f
                0xfffff11f                _memmap_cacheattr_wb_strict = 0xfffff11f
                0xfffff11f                _memmap_cacheattr_wt_strict = 0xfffff11f
                0xfffff22f                _memmap_cacheattr_bp_strict = 0xfffff22f
                0x22222112                _memmap_cacheattr_wb_allvalid = 0x22222112
                0x22222112                _memmap_cacheattr_wt_allvalid = 0x22222112
                0x22222222                _memmap_cacheattr_bp_allvalid = 0x22222222
                [!provide]                PROVIDE (_memmap_cacheattr_reset, _memmap_cacheattr_wb_trapnull)

.dport0.rodata  0x3ff00000        0x0
                0x3ff00000                _dport0_rodata_start = ABSOLUTE (.)
 *(.dport0.rodata)
 *(.dport.rodata)
                0x3ff00000                _dport0_rodata_end = ABSOLUTE (.)

.dport0.literal
                0x3ff00000        0x0
                0x3ff00000                _dport0_literal_start = ABSOLUTE (.)
 *(.dport0.literal)
 *(.dport.literal)
                0x3ff00000                _dport0_literal_end = ABSOLUTE (.)

.dport0.data    0x3ff00000        0x0
                0x3ff00000                _dport0_data_start = ABSOLUTE (.)
 *(.dport0.data)
 *(.dport.data)
                0x3ff00000                _dport0_data_end = ABSOLUTE (.)

.text           0x40100000     0x6b7e
                0x40100000                _stext = .
                0x40100000                _text_start = ABSOLUTE (.)
                0x40100000                . = ALIGN (0x10)
 *(.vecbase.text)
 .vecbase.text  0x40100000      0x3b2 ./build/core.a(exception_vectors.o)
                0x40100000                VecBase
                0x4010023c                call_user_start
                0x4010039e                _xt_user_exit
 *(.entry.text)
 *(.init.literal)
 *(.init)
 *(.iram1.*)
 *fill*         0x401003b2        0x2 
 .iram1.text    0x401003b4       0x4b ./build/open_esplibs_libmain.a(ets_timer.o)
                                 0x4f (size before relaxing)
 *fill*         0x401003ff        0x1 
 .iram1.text    0x40100400        0xb ./build/open_esplibs_libmain.a(misc.o)
                0x40100404                sdk_os_get_cpu_frequency
 *fill*         0x4010040b        0x1 
 .iram1.text    0x4010040c      0x129 ./build/open_esplibs_libmain.a(os_cpu_a.o)
                                0x175 (size before relaxing)
                0x4010040c                vPortYield
                0x40100444                sdk__xt_int_enter
                0x4010045c                sdk__xt_int_exit
                0x4010048c                sdk__xt_timer_int
                0x401004c8                sdk__xt_timer_int1
                0x401004dc                sdk__xt_tick_timer_init
                0x40100508                sdk__xt_isr_unmask
                0x40100518                sdk__xt_isr_mask
                0x40100528                sdk__xt_read_ints
                0x40100530                sdk__xt_clear_ints
 *fill*         0x40100535        0x3 
 .iram1.text    0x40100538      0x3a8 ./build/open_esplibs_libmain.a(spi_flash.o)
                                0x478 (size before relaxing)
                0x40100560                sdk_SPIReadModeCnfig
                0x401005e0                sdk_SPIWrite
                0x401006a0                sdk_SPIRead
                0x401006d0                sdk_SPIEraseSector
                0x40100730                sdk_spi_flash_get_id
                0x4010078c                sdk_spi_flash_read_status
                0x401007cc                sdk_spi_flash_write_status
                0x40100808                sdk_spi_flash_erase_sector
                0x4010083c                sdk_spi_flash_write
                0x4010088c                sdk_spi_flash_read
 .iram1.text    0x401008e0      0x1cd ./build/open_esplibs_libmain.a(user_interface.o)
                                0x1e8 (size before relaxing)
                0x401008e4                sdk_system_rtc_mem_write
                0x40100948                sdk_system_rtc_mem_read
                0x401009bc                sdk_system_restart_in_nmi
 *fill*         0x40100aad        0x3 
 .iram1.text    0x40100ab0      0x1c2 ./build/open_esplibs_libnet80211.a(ieee80211_hostap.o)
                                0x1d6 (size before relaxing)
 *fill*         0x40100c72        0x2 
 .iram1.text    0x40100c74       0x59 ./build/open_esplibs_libnet80211.a(ieee80211_input.o)
                0x40100c80                sdk_ieee80211_deliver_data
 *fill*         0x40100ccd        0x3 
 .iram1.text    0x40100cd0       0x5c ./build/open_esplibs_libwpa.a(os_xtensa.o)
                                 0x68 (size before relaxing)
                0x40100cd0                sdk_os_get_time
                0x40100cd4                sdk_os_random
                0x40100ce4                sdk_os_get_random
 .iram1.text    0x40100d2c       0xdb ./build/freertos.a(port.o)
                                0x103 (size before relaxing)
                0x40100d34                SV_ISR
                0x40100d7c                vPortEnterCritical
                0x40100da4                vPortExitCritical
                0x40100dd0                PendSV
 *fill*         0x40100e07        0x1 
 .iram1.text    0x40100e08      0x2e7 ./build/core.a(app_main.o)
                                0x32f (size before relaxing)
                0x40100e30                vApplicationStackOverflowHook
                0x40100e5c                vApplicationIdleHook
                0x40100e80                vApplicationTickHook
                0x40100ef4                sdk_user_start
 *fill*         0x401010ef        0x1 
 .iram1.text    0x401010f0       0xa0 ./build/core.a(debug_dumps.o)
                                 0xb8 (size before relaxing)
                0x40101150                debug_exception_handler
                0x40101150                fatal_exception_handler
                0x40101170                abort
 .iram1.text    0x40101190        0xe ./build/core.a(esp_hwrand.o)
                                 0x12 (size before relaxing)
                0x40101190                hwrand
 *fill*         0x4010119e        0x2 
 .iram1.text    0x401011a0       0xaa ./build/core.a(esp_interrupts.o)
                                 0xae (size before relaxing)
                0x401011a4                _xt_isr_attach
                0x401011b8                _xt_isr_handler
 *fill*         0x4010124a        0x2 
 .iram1.text    0x4010124c       0x1b ./build/core.a(sdk_compat.o)
                0x40101250                zalloc
 *fill*         0x40101267        0x1 
 .iram1.text    0x40101268       0x67 ./build/core.a(spiflash-cache-enable.o)
                                 0x7b (size before relaxing)
                0x40101278                Cache_Read_Enable
 *fill*         0x401012cf        0x1 
 .iram1.text    0x401012d0      0x36b ./build/core.a(spiflash.o)
                                0x41b (size before relaxing)
                0x401013f4                spiflash_write
                0x401014d0                spiflash_read
                0x401015c8                spiflash_erase_sector
 *fill*         0x4010163b        0x1 
 .iram1.text    0x4010163c       0x26 ./build/core.a(esp_iomux.o)
                0x40101640                gpio_to_iomux
                0x40101654                iomux_to_gpio
 *fill*         0x40101662        0x2 
 .iram1.text    0x40101664       0x34 ./build/core.a(newlib_syscalls.o)
                0x40101670                _sbrk_r
 *fill*         0x40101698        0x0 
 *fill*         0x40101698        0x0 
 *fill*         0x40101698        0x0 
 *fill*         0x40101698        0x0 
 .iram1.text    0x40101698       0x3d ./build/open_esplibs_libmain.a(xtensa_context.o)
                0x40101698                sdk__xt_context_save
                0x401016b4                sdk__xt_context_restore
 *fill*         0x401016d5        0x0 
 *fill*         0x401016d5        0x0 
 *fill*         0x401016d5        0x0 
 *fill*         0x401016d5        0x0 
 *fill*         0x401016d5        0x3 
 .iram1.data    0x401016d8        0x4 ./build/core.a(debug_dumps.o)
 *fill*         0x401016dc        0x0 
 *fill*         0x401016dc        0x0 
 *fill*         0x401016dc        0x0 
 *fill*         0x401016dc        0x0 
 *fill*         0x401016dc        0x0 
 *fill*         0x401016dc        0x0 
 .iram1.data    0x401016dc       0x80 ./build/core.a(esp_iomux.o)
 *sdklib*:*(.literal .text .literal.* .text.*)
 .text          0x4010175c        0xb ./build/sdklib/libnet80211.a(wl_chm.o)
                0x40101760                sdk_chm_get_current_channel
 *fill*         0x40101767        0x1 
 .text          0x40101768       0x4f ./build/sdklib/libphy.a(phy.o)
                                 0x53 (size before relaxing)
                0x40101770                sdk_register_phy_ops
                0x40101790                sdk_phy_change_channel
                0x401017ac                sdk_phy_get_mactime
 *fill*         0x401017b7        0x1 
 .text          0x401017b8       0xf7 ./build/sdklib/libphy.a(phy_sleep.o)
                                0x103 (size before relaxing)
                0x401017c8                sdk_pm_rtc_clock_cali
                0x40101884                sdk_clockgate_watchdog
 *fill*         0x401018af        0x1 
 .text          0x401018b0       0x94 ./build/sdklib/libpp.a(esf_buf.o)
                                 0xb4 (size before relaxing)
                0x401018b4                sdk_esf_rx_buf_alloc
 .text          0x40101944     0x14e0 ./build/sdklib/libpp.a(lmac.o)
                               0x187c (size before relaxing)
                0x40101948                sdk_lmacIsActive
                0x4010195c                sdk_lmacIsIdle
                0x40101da4                sdk_lmacSetAcParam
                0x40101e40                sdk_lmacProcessTXStartData
                0x40101fe8                sdk_lmacProcessTxSuccess
                0x40102130                sdk_GetAccess
                0x4010213c                sdk_lmacDiscardAgedMSDU
                0x40102150                sdk_lmacRecycleMPDU
                0x40102630                sdk_lmacProcessCollisions
                0x4010268c                sdk_lmacProcessCollision
                0x40102710                sdk_lmacMSDUAged
                0x40102a94                sdk_lmacProcessCtsTimeout
                0x40102adc                sdk_lmacProcessAckTimeout
                0x40102b30                sdk_lmacProcessRtsStart
                0x40102b3c                sdk_lmacProcessTxRtsError
                0x40102bd4                sdk_lmacProcessTxError
                0x40102c58                sdk_lmacTxFrame
                0x40102e0c                sdk_lmacRxDone
 .text          0x40102e24      0xe70 ./build/sdklib/libpp.a(pp.o)
                               0x103c (size before relaxing)
                0x40102e54                sdk_pp_soft_wdt_feed
                0x40102f68                sdk_ppProcessTxQ
                0x40103058                sdk_ppFetchTxQFirstAvail
                0x40103098                sdk_ppDequeueTxQ
                0x401030c0                sdk_ppRollBackTxQ
                0x401030e4                sdk_ppRecordBarRRC
                0x401030f4                sdk_ppTxqUpdateBitmap
                0x40103118                sdk_ppEnqueueTxDone
                0x4010314c                sdk_ppEnqueueRxq
                0x40103914                sdk_ppDiscardMPDU
                0x40103948                sdk_MacIsrSigPostDefHdl
                0x40103a3c                sdk_pp_post
                0x40103b40                sdk_ppCalTxop
                0x40103c24                sdk_ppCalFrameTimes
 .text          0x40103c94       0xf5 ./build/sdklib/libpp.a(rate_control.o)
                                0x109 (size before relaxing)
                0x40103cb4                sdk_RC_GetAckRate
                0x40103cc0                sdk_RC_GetRtsRate
                0x40103cd0                sdk_RC_GetAckTime
                0x40103ce4                sdk_RC_GetCtsTime
                0x40103d1c                sdk_RC_GetBlockAckTime
 *fill*         0x40103d89        0x3 
 .text          0x40103d8c      0x7f9 ./build/sdklib/libpp.a(trc.o)
                                0x81d (size before relaxing)
                0x40103f04                sdk_rcUpdateTxDone
                0x40103f98                sdk_rcUpdateRxDone
                0x40103ff4                sdk_rcUpdateDataRxDone
                0x4010400c                sdk_rcGetSched
                0x401040b4                sdk_rcGetRate
                0x401044b8                sdk_rcReachRetryLimit
                0x401044d0                sdk_trc_NeedRTS
 *fill*         0x40104585        0x3 
 .text          0x40104588     0x1163 ./build/sdklib/libpp.a(wdev.o)
                               0x1473 (size before relaxing)
                0x401048dc                sdk_wDev_MacTimSetFunc
                0x401048fc                sdk_wDev_MacTimArm
                0x401049a0                sdk_wDev_MacTim1Arm
                0x40104a7c                sdk_wDev_ProcessFiq
                0x40104e20                sdk_wDev_EnableTransmit
                0x40104e64                sdk_wDev_DisableTransmit
                0x40104e84                sdk_Tx_Copy2Queue
                0x40104ecc                sdk_wDev_ProcessCollision
                0x40104ef0                sdk_wDev_GetTxqCollisions
                0x40104f00                sdk_wDev_ClearTxqCollisions
                0x40104f18                sdk_wDev_SetWaitingQueue
                0x40104f64                sdk_wDev_ClearWaitingQueue
                0x40104f84                sdk_wDev_SetFrameAckType
                0x40104fe8                sdk_wDev_AppendRxBlocks
                0x40105190                sdk_wDev_AppendRxAmpduLensBlocks
                0x401052c8                sdk_wDev_GetBAInfo
 *fill*         0x401056eb        0x1 
 .text          0x401056ec       0x25 ./build/sdklib/libnet80211.a(ieee80211_hostap.o)
 *fill*         0x40105711        0x0 
 *fill*         0x40105711        0x0 
 *fill*         0x40105711        0x3 
 .text          0x40105714        0x2 ./build/sdklib/libphy.a(phy_chip_v6.o)
                0x40105714                sdk_ram_tx_mac_disable
 *fill*         0x40105716        0x0 
 *fill*         0x40105716        0x0 
 *fill*         0x40105716        0x0 
 *fill*         0x40105716        0x0 
 *fill*         0x40105716        0x2 
 .text          0x40105718       0x11 ./build/sdklib/libwpa.a(wpa_auth.o)
 *libgcc.a:*i3.o(.literal .text .literal.* .text.*)
 *fill*         0x40105729        0x3 
 .text          0x4010572c       0x49 ./build/libgcc.a(_modsi3.o)
                0x4010572c                __modsi3
 *fill*         0x40105775        0x3 
 .text          0x40105778       0x4c ./build/libgcc.a(_udivsi3.o)
                0x40105778                __udivsi3
 .text          0x401057c4       0x18 ./build/libgcc.a(_ashrdi3.o)
                0x401057c4                __ashrdi3
 *libc.a:*malloc.o(.literal .text .literal.* .text.*)
 .literal       0x401057dc        0x4 ./build/libc.a(lib_a-malloc.o)
                                 0x10 (size before relaxing)
 .literal       0x401057e0        0x8 ./build/libc.a(lib_a-nano-mallocr.o)
                                 0x20 (size before relaxing)
 .literal       0x401057e8        0x0 ./build/libc.a(lib_a-nano-freer.o)
                                  0xc (size before relaxing)
 .literal       0x401057e8       0x28 ./build/libc.a(lib_a-rand.o)
                                 0x58 (size before relaxing)
 .literal       0x40105810        0x4 ./build/libc.a(lib_a-mlock.o)
                                 0x10 (size before relaxing)
 .literal       0x40105814        0x0 ./build/libc.a(lib_a-printf.o)
                                 0x14 (size before relaxing)
 .literal       0x40105814        0x0 ./build/libc.a(lib_a-sprintf.o)
                                 0x14 (size before relaxing)
 .literal       0x40105814        0x0 ./build/libc.a(lib_a-fprintf.o)
                                  0xc (size before relaxing)
 .literal       0x40105814       0x24 ./build/libc.a(lib_a-nano-svfprintf.o)
                                 0x54 (size before relaxing)
 .literal       0x40105838       0x28 ./build/libc.a(lib_a-nano-vfprintf.o)
                                 0x60 (size before relaxing)
 .literal       0x40105860        0x0 ./build/libc.a(lib_a-snprintf.o)
                                  0xc (size before relaxing)
 .literal       0x40105860       0x38 ./build/libc.a(lib_a-findfp.o)
                                 0x80 (size before relaxing)
 .literal       0x40105898        0x8 ./build/libc.a(lib_a-fputwc.o)
                                 0x2c (size before relaxing)
 .text          0x401058a0       0x35 ./build/libc.a(lib_a-malloc.o)
                0x401058a0                malloc
                0x401058bc                free
 *libc.a:*mallocr.o(.literal .text .literal.* .text.*)
 *fill*         0x401058d5        0x3 
 .text          0x401058d8       0xed ./build/libc.a(lib_a-nano-mallocr.o)
                                 0xf1 (size before relaxing)
                0x401058d8                _malloc_r
 *fill*         0x401059c5        0x0 
 *libc.a:*freer.o(.literal .text .literal.* .text.*)
 *fill*         0x401059c5        0x3 
 .text          0x401059c8       0xb1 ./build/libc.a(lib_a-nano-freer.o)
                0x401059c8                _free_r
 *fill*         0x40105a79        0x0 
 *libc.a:*memcpy.o(.literal .text .literal.* .text.*)
 *libc.a:*memset.o(.literal .text .literal.* .text.*)
 *libc.a:*memcmp.o(.literal .text .literal.* .text.*)
 *libc.a:*memmove.o(.literal .text .literal.* .text.*)
 *libc.a:*rand.o(.literal .text .literal.* .text.*)
 *fill*         0x40105a79        0x3 
 .text          0x40105a7c       0xdd ./build/libc.a(lib_a-rand.o)
                                 0xe1 (size before relaxing)
                0x40105a7c                srand
                0x40105ae0                rand
 *fill*         0x40105b59        0x0 
 *libc.a:*bzero.o(.literal .text .literal.* .text.*)
 *libc.a:*lock.o(.literal .text .literal.* .text.*)
 *fill*         0x40105b59        0x3 
 .text          0x40105b5c       0x2d ./build/libc.a(lib_a-mlock.o)
                0x40105b5c                __malloc_lock
                0x40105b74                __malloc_unlock
 *fill*         0x40105b89        0x3 
 .text          0x40105b8c        0x8 ./build/libc.a(lock.o)
                0x40105b8c                _lock_close_recursive
                0x40105b8c                __dummy_lock
                0x40105b8c                _lock_init_recursive
                0x40105b8c                _lock_close
                0x40105b8c                _lock_init
                0x40105b90                __dummy_lock_try
 *libc.a:*printf.o(.literal .text .literal.* .text.*)
 .text          0x40105b94       0x99 ./build/libc.a(lib_a-printf.o)
                0x40105b94                _printf_r
                0x40105b94                _iprintf_r
                0x40105be0                printf
                0x40105be0                iprintf
 *fill*         0x40105c2d        0x3 
 .text          0x40105c30       0xb5 ./build/libc.a(lib_a-sprintf.o)
                                 0xb9 (size before relaxing)
                0x40105c30                _siprintf_r
                0x40105c30                _sprintf_r
                0x40105c88                sprintf
                0x40105c88                siprintf
 *fill*         0x40105ce5        0x3 
 .text          0x40105ce8       0x57 ./build/libc.a(lib_a-fprintf.o)
                                 0x5b (size before relaxing)
                0x40105ce8                _fprintf_r
                0x40105ce8                _fiprintf_r
                0x40105d0c                fprintf
                0x40105d0c                fiprintf
 *fill*         0x40105d3f        0x1 
 .text          0x40105d40      0x4b5 ./build/libc.a(lib_a-nano-svfprintf.o)
                0x40105d40                __ssputs_r
                0x40105e3c                __ssprint_r
                0x40105f70                _svfprintf_r
                0x40105f70                _svfiprintf_r
 *fill*         0x401061f5        0x3 
 .text          0x401061f8      0x447 ./build/libc.a(lib_a-nano-vfprintf.o)
                                0x44b (size before relaxing)
                0x40106230                __sfputs_r
                0x401062a0                __sprint_r
                0x40106330                _vfiprintf_r
                0x40106330                _vfprintf_r
                0x40106618                vfiprintf
                0x40106618                vfprintf
 *fill*         0x4010663f        0x1 
 .text          0x40106640      0x10c ./build/libc.a(lib_a-snprintf.o)
                0x40106640                _sniprintf_r
                0x40106640                _snprintf_r
                0x401066c4                snprintf
                0x401066c4                sniprintf
 *fill*         0x4010674c        0x0 
 *fill*         0x4010674c        0x0 
 *fill*         0x4010674c        0x0 
 *fill*         0x4010674c        0x0 
 *fill*         0x4010674c        0x0 
 *fill*         0x4010674c        0x0 
 *libc.a:*findfp.o(.literal .text .literal.* .text.*)
 .text          0x4010674c      0x2c2 ./build/libc.a(lib_a-findfp.o)
                                0x2ce (size before relaxing)
                0x40106798                _cleanup_r
                0x401067f8                __sfmoreglue
                0x40106840                _cleanup
                0x40106854                __sfp_lock_acquire
                0x4010686c                __sfp_lock_release
                0x40106884                __sinit_lock_acquire
                0x4010689c                __sinit_lock_release
                0x401068b4                __sinit
                0x40106924                __sfp
                0x401069d0                __fp_lock_all
                0x401069f0                __fp_unlock_all
 *libc.a:*fputwc.o(.literal .text .literal.* .text.*)
 *fill*         0x40106a0e        0x2 
 .text          0x40106a10      0x16e ./build/libc.a(lib_a-fputwc.o)
                                0x176 (size before relaxing)
                0x40106a10                __fputwc
                0x40106ab8                _fputwc_r
                0x40106b28                fputwc
 *fill*         0x40106b7e        0x0 
 *(.stub .gnu.warning .gnu.linkonce.literal.* .gnu.linkonce.t.*.literal .gnu.linkonce.t.*)
 *(.fini.literal)
 *(.fini)
 *(.gnu.version)
                0x40106b7e                _text_end = ABSOLUTE (.)
                0x40106b7e                _etext = .

.data           0x3ffe8000      0x964
                0x3ffe8000                _data_start = ABSOLUTE (.)
 *(.data)
 .data          0x3ffe8000        0x8 ./build/core.a(spiflash-cache-enable.o)
                0x3ffe8000                rboot_megabyte
 .data          0x3ffe8008       0xf4 ./build/libc.a(lib_a-impure.o)
                0x3ffe8008                _impure_ptr
 .data          0x3ffe80fc      0x16c ./build/libc.a(lib_a-locale.o)
                0x3ffe80fc                __global_locale
 .data          0x3ffe8268        0x1 ./build/sdklib/libmain.a(user_interface.o)
 *fill*         0x3ffe8269        0x3 
 .data          0x3ffe826c      0x1a8 ./build/sdklib/libnet80211.a(ieee80211_phy.o)
 *fill*         0x3ffe8414        0x4 
 .data          0x3ffe8418        0x6 ./build/sdklib/libnet80211.a(ieee80211_proto.o)
                0x3ffe8418                sdk_ieee80211_addr_bcast
 *fill*         0x3ffe841e        0x2 
 .data          0x3ffe8420       0x1c ./build/sdklib/libnet80211.a(ieee80211_action.o)
 *fill*         0x3ffe843c        0x4 
 .data          0x3ffe8440       0x53 ./build/sdklib/libphy.a(phy_chip_v6.o)
                0x3ffe8442                sdk_tx_rf_ana_gain
                0x3ffe8464                sdk_tx_pwctrl_atten_init_en
                0x3ffe8470                sdk_rx_gain_swp
                0x3ffe8490                sdk_test_rffreq_txcap
 *fill*         0x3ffe8493        0xd 
 .data          0x3ffe84a0       0x90 ./build/sdklib/libphy.a(phy_chip_v6_cal.o)
                0x3ffe84a0                sdk_dpd_index
                0x3ffe8500                sdk_dpd_db2linear
 .data          0x3ffe8530        0x4 ./build/sdklib/libphy.a(phy_sleep.o)
                0x3ffe8530                sdk_chip_version
 .data          0x3ffe8534      0x11c ./build/sdklib/libphy.a(phy_chip_v5_romfunc.o)
                0x3ffe8534                sdk_g_phyFuns
                0x3ffe8538                sdk_g_phyFuns_instance
 .data          0x3ffe8650        0x7 ./build/sdklib/libphy.a(phy_chip_v5_cal_romfunc.o)
 *fill*         0x3ffe8657        0x1 
 .data          0x3ffe8658        0x1 ./build/sdklib/libpp.a(pm.o)
 *fill*         0x3ffe8659        0x3 
 .data          0x3ffe865c       0x10 ./build/sdklib/libpp.a(pp.o)
                0x3ffe865c                sdk_NoiseTimerInterval
                0x3ffe8664                sdk_sleep_start_wait_time
 *fill*         0x3ffe866c        0x4 
 .data          0x3ffe8670       0x40 ./build/sdklib/libpp.a(rate_control.o)
 .data          0x3ffe86b0      0x22c ./build/sdklib/libpp.a(trc.o)
 *fill*         0x3ffe88dc        0x4 
 .data          0x3ffe88e0       0x10 ./build/sdklib/libpp.a(wdev.o)
 .data          0x3ffe88f0       0x18 ./build/sdklib/libnet80211.a(ieee80211_crypto_ccmp.o)
                0x3ffe88f0                sdk_ccmp
 .data          0x3ffe8908       0x18 ./build/sdklib/libnet80211.a(ieee80211_crypto_tkip.o)
                0x3ffe8908                sdk_tkip
 .data          0x3ffe8920       0x18 ./build/sdklib/libnet80211.a(ieee80211_crypto_wep.o)
                0x3ffe8920                sdk_wep
 *(.data.*)
 .data.cpu_freq
                0x3ffe8938        0x4 ./build/open_esplibs_libmain.a(misc.o)
 .data.sdk_flashchip
                0x3ffe893c       0x18 ./build/open_esplibs_libmain.a(spi_flash.o)
                0x3ffe893c                sdk_flashchip
 .data.sdk_dhcpc_flag
                0x3ffe8954        0x4 ./build/open_esplibs_libmain.a(user_interface.o)
                0x3ffe8954                sdk_dhcpc_flag
 .data.iss$5497
                0x3ffe8958        0x4 ./build/lwip.a(tcp.o)
 .data.tcp_port
                0x3ffe895c        0x2 ./build/lwip.a(tcp.o)
 .data.udp_port
                0x3ffe895e        0x2 ./build/lwip.a(udp.o)
 .data.current_stdout_write_r
                0x3ffe8960        0x4 ./build/core.a(newlib_syscalls.o)
 *(.gnu.linkonce.d.*)
 *(.data1)
 *(.sdata)
 *(.sdata.*)
 *(.gnu.linkonce.s.*)
 *(.sdata2)
 *(.sdata2.*)
 *(.gnu.linkonce.s2.*)
 *(.jcr)
                0x3ffe8964                _data_end = ABSOLUTE (.)

.rodata         0x3ffe8968      0x8b4
                0x3ffe8968                _rodata_start = ABSOLUTE (.)
 *core.a:*(.rodata.* .rodata)
 .rodata.str1.4
                0x3ffe8968      0x19f ./build/core.a(app_main.o)
 *fill*         0x3ffe8b07        0x1 
 .rodata.CSWTCH$30
                0x3ffe8b08       0x10 ./build/core.a(app_main.o)
 .rodata.CSWTCH$29
                0x3ffe8b18       0x40 ./build/core.a(app_main.o)
 .rodata.str1.4
                0x3ffe8b58      0x1cc ./build/core.a(debug_dumps.o)
 .rodata        0x3ffe8d24       0x1c ./build/core.a(exception_vectors.o)
 *libc.a:*.o(.rodata.* .rodata)
 .rodata        0x3ffe8d40       0x60 ./build/libc.a(lib_a-findfp.o)
                0x3ffe8d40                __sf_fake_stderr
                0x3ffe8d60                __sf_fake_stdout
                0x3ffe8d80                __sf_fake_stdin
 .rodata        0x3ffe8da0        0x4 ./build/libc.a(lib_a-impure.o)
                0x3ffe8da0                _global_impure_ptr
 .rodata.str1.1
                0x3ffe8da4       0x21 ./build/libc.a(lib_a-mstats.o)
 .rodata.str1.1
                0x3ffe8dc5       0x4b ./build/libc.a(lib_a-nano-mallstatsr.o)
 .rodata.str1.1
                0x3ffe8e10       0x12 ./build/libc.a(lib_a-nano-vfprintf_float.o)
 .rodata.str1.1
                0x3ffe8e22       0x22 ./build/libc.a(lib_a-nano-vfprintf_i.o)
 .rodata.str1.1
                0x3ffe8e44        0x5 ./build/libc.a(lib_a-nano-vfscanf_float.o)
 .rodata.str1.1
                0x3ffe8e49        0x5 ./build/libc.a(lib_a-puts.o)
                                  0x2 (size before relaxing)
 .rodata.str1.1
                0x3ffe8e49        0x5 ./build/libc.a(lib_a-strtod.o)
                                  0xc (size before relaxing)
 *fill*         0x3ffe8e49        0x7 
 .rodata        0x3ffe8e50       0x70 ./build/libc.a(lib_a-strtod.o)
 .rodata.str1.1
                0x3ffe8ec0        0xd ./build/libc.a(lib_a-dtoa.o)
                                  0xf (size before relaxing)
 .rodata.str1.1
                0x3ffe8ecd        0xa ./build/libc.a(lib_a-locale.o)
                                  0xb (size before relaxing)
 *fill*         0x3ffe8ed7        0x1 
 .rodata        0x3ffe8ed8      0x128 ./build/libc.a(lib_a-mprec.o)
                0x3ffe8ee8                __mprec_tinytens
                0x3ffe8f10                __mprec_bigtens
                0x3ffe8f38                __mprec_tens
 .rodata.str1.1
                0x3ffe9000       0x11 ./build/libc.a(lib_a-nano-svfprintf.o)
 .rodata.str1.1
                0x3ffe9011       0x11 ./build/libc.a(lib_a-nano-vfprintf.o)
 .rodata        0x3ffe9011      0x101 ./build/libc.a(lib_a-ctype_.o)
                0x3ffe9011                _ctype_
 *freertos.a:*(.rodata.* .rodata)
 *fill*         0x3ffe9112        0x2 
 .rodata.str1.4
                0x3ffe9114       0x35 ./build/freertos.a(tasks.o)
 *fill*         0x3ffe9149        0x3 
 .rodata.str1.4
                0x3ffe914c       0x39 ./build/freertos.a(timers.o)
 *fill*         0x3ffe9185        0x3 
 .rodata.str1.4
                0x3ffe9188       0x54 ./build/freertos.a(port.o)
 .rodata.str1.4
                0x3ffe91dc       0x30 ./build/freertos.a(queue.o)
 *libmain.a:spi_flash.o(.rodata.* .rodata)
 *libpp.a:wdev.o(.rodata.* .rodata)
 .rodata.str1.4
                0x3ffe920c       0x10 ./build/sdklib/libpp.a(wdev.o)
                                  0xf (size before relaxing)
                0x3ffe921c                _rodata_end = ABSOLUTE (.)

.bss            0x3ffe9220     0x8708
                0x3ffe9220                . = ALIGN (0x8)
                0x3ffe9220                _bss_start = ABSOLUTE (.)
 *(.dynsbss)
 *(.sbss)
 *(.sbss.*)
 *(.gnu.linkonce.sb.*)
 *(.scommon)
 *(.sbss2)
 *(.sbss2.*)
 *(.gnu.linkonce.sb2.*)
 *(.dynbss)
 *(.bss)
 .bss           0x3ffe9220      0x228 ./build/core.a(exception_vectors.o)
                0x3ffe9434                debug_saved_ctx
 .bss           0x3ffe9448        0x8 ./build/libc.a(lib_a-findfp.o)
 .bss           0x3ffe9450       0x28 ./build/libc.a(lib_a-nano-mallinfor.o)
                0x3ffe9450                __malloc_current_mallinfo
 .bss           0x3ffe9478        0x8 ./build/libc.a(lib_a-nano-mallocr.o)
                0x3ffe9478                __malloc_sbrk_start
                0x3ffe947c                __malloc_free_list
 .bss           0x3ffe9480        0x4 ./build/libc.a(lib_a-mlock.o)
 *fill*         0x3ffe9484        0xc 
 .bss           0x3ffe9490      0x131 ./build/sdklib/libmain.a(user_interface.o)
 *fill*         0x3ffe95c1        0x3 
 .bss           0x3ffe95c4      0x54c ./build/sdklib/libnet80211.a(ieee80211.o)
                0x3ffe95c4                sdk_g_ic
                0x3ffe9b0c                sdk_xieee80211Queue
 .bss           0x3ffe9b10       0x28 ./build/sdklib/libnet80211.a(ieee80211_hostap.o)
                0x3ffe9b30                sdk_TmpSTAAPCloseAP
                0x3ffe9b31                sdk_PendFreeBcnEb
 .bss           0x3ffe9b38       0xe4 ./build/sdklib/libnet80211.a(ieee80211_scan.o)
                0x3ffe9b38                sdk_gScanStruct
                0x3ffe9bfc                sdk_auth_type
                0x3ffe9bfe                sdk_scannum
 .bss           0x3ffe9c1c       0x44 ./build/sdklib/libnet80211.a(wl_chm.o)
 .bss           0x3ffe9c60      0x780 ./build/sdklib/libnet80211.a(wl_cnx.o)
                0x3ffea3c0                sdk_sta_con_timer
                0x3ffea3dc                sdk_g_cnx_probe_rc_list_cb
 .bss           0x3ffea3e0        0x4 ./build/sdklib/libphy.a(phy.o)
 *fill*         0x3ffea3e4        0xc 
 .bss           0x3ffea3f0      0x38b ./build/sdklib/libphy.a(phy_chip_v6.o)
                0x3ffea3f0                sdk_rxiq_compute_num
                0x3ffea3f4                sdk_rxdc_init_flag
                0x3ffea3f8                sdk_check_result
                0x3ffea3fc                sdk_chip6_sleep_params
                0x3ffea5d4                sdk_chip6_phy_init_ctrl
                0x3ffea642                sdk_phy_freq_offset
                0x3ffea644                sdk_do_pwctrl_flag
                0x3ffea645                sdk_pwctrl_debug
                0x3ffea646                sdk_txbk_dpdby_flag
                0x3ffea648                sdk_sw_scan_mode
                0x3ffea65c                sdk_periodic_cal_dc_num
                0x3ffea660                sdk_periodic_cal_flag
                0x3ffea661                sdk_bbpll_cal_flag
                0x3ffea662                sdk_deep_sleep_en
                0x3ffea668                sdk_noise_array
                0x3ffea770                sdk_tx_pwctrl_atten_init
 *fill*         0x3ffea77b        0x1 
 .bss           0x3ffea77c        0x6 ./build/sdklib/libphy.a(phy_chip_v6_cal.o)
                0x3ffea77c                sdk_loop_pwctrl_pwdet_error_accum_high_power
                0x3ffea77e                sdk_tx_pwctrl_pk_num
                0x3ffea77f                sdk_loop_pwctrl_correct_atten_high_power
                0x3ffea780                sdk_tx_pwctrl_set_chan_flag
                0x3ffea781                sdk_rxiq_cover_fail_num
 *fill*         0x3ffea782        0x2 
 .bss           0x3ffea784        0x4 ./build/sdklib/libphy.a(phy_sleep.o)
                0x3ffea784                sdk_periodic_cal_sat
                0x3ffea785                sdk_software_slp_reject
                0x3ffea786                sdk_SDIO_slp_reject
                0x3ffea787                sdk_hardware_reject
 *fill*         0x3ffea788        0x8 
 .bss           0x3ffea790     0x11e8 ./build/sdklib/libpp.a(esf_buf.o)
 *fill*         0x3ffeb978        0x8 
 .bss           0x3ffeb980       0x30 ./build/sdklib/libpp.a(if_hwctrl.o)
                0x3ffeb980                sdk_interface_mask
                0x3ffeb990                sdk_if_ctrl
 .bss           0x3ffeb9b0      0x150 ./build/sdklib/libpp.a(lmac.o)
                0x3ffeb9b4                sdk_lmacConfMib
 .bss           0x3ffebb00      0x149 ./build/sdklib/libpp.a(pm.o)
 *fill*         0x3ffebc49        0x7 
 .bss           0x3ffebc50      0x352 ./build/sdklib/libpp.a(pp.o)
                0x3ffebc78                sdk_pend_flag_noise_check
                0x3ffebc80                sdk_pend_flag_periodic_cal
                0x3ffebca4                sdk_dbg_stop_sw_wdt
                0x3ffebca5                sdk_dbg_stop_hw_wdt
 *fill*         0x3ffebfa2        0xe 
 .bss           0x3ffebfb0      0x100 ./build/sdklib/libpp.a(rate_control.o)
 .bss           0x3ffec0b0      0x268 ./build/sdklib/libpp.a(trc.o)
 *fill*         0x3ffec318        0x8 
 .bss           0x3ffec320     0x4721 ./build/sdklib/libpp.a(wdev.o)
                0x3ffec320                sdk_wDevCtrl
                0x3ffec4c4                sdk_NMIIrqIsOn
                0x3ffec4c8                sdk_WdevTimOffSet
 *fill*         0x3fff0a41        0xf 
 .bss           0x3fff0a50      0x27a ./build/sdklib/libwpa.a(wpa.o)
 *fill*         0x3fff0cca        0x6 
 .bss           0x3fff0cd0       0xb0 ./build/sdklib/libwpa.a(aes-internal-dec.o)
 .bss           0x3fff0d80        0x8 ./build/sdklib/libnet80211.a(ieee80211_crypto_tkip.o)
 *(.bss.*)
 .bss.task_handle
                0x3fff0d88        0x4 ./build/open_esplibs_libmain.a(ets_timer.o)
 .bss.timer_list
                0x3fff0d8c        0x4 ./build/open_esplibs_libmain.a(ets_timer.o)
 .bss.armed_timer_count
                0x3fff0d90        0x1 ./build/open_esplibs_libmain.a(timers.o)
 *fill*         0x3fff0d91        0x3 
 .bss.timer_list
                0x3fff0d94        0x4 ./build/open_esplibs_libmain.a(timers.o)
 .bss.hostap_timer_parg
                0x3fff0d98        0x4 ./build/open_esplibs_libnet80211.a(ieee80211_hostap.o)
 .bss.hostap_timer
                0x3fff0d9c       0x1c ./build/open_esplibs_libnet80211.a(ieee80211_hostap.o)
 .bss.hostap_flags
                0x3fff0db8        0x1 ./build/open_esplibs_libnet80211.a(ieee80211_hostap.o)
 *fill*         0x3fff0db9        0x3 
 .bss.uxSchedulerSuspended
                0x3fff0dbc        0x4 ./build/freertos.a(tasks.o)
 .bss.xIdleTaskHandle
                0x3fff0dc0        0x4 ./build/freertos.a(tasks.o)
 .bss.xNextTaskUnblockTime
                0x3fff0dc4        0x4 ./build/freertos.a(tasks.o)
 .bss.uxTaskNumber
                0x3fff0dc8        0x4 ./build/freertos.a(tasks.o)
 .bss.xNumOfOverflows
                0x3fff0dcc        0x4 ./build/freertos.a(tasks.o)
 .bss.xYieldPending
                0x3fff0dd0        0x4 ./build/freertos.a(tasks.o)
 .bss.uxPendedTicks
                0x3fff0dd4        0x4 ./build/freertos.a(tasks.o)
 .bss.xSchedulerRunning
                0x3fff0dd8        0x4 ./build/freertos.a(tasks.o)
 .bss.uxTopReadyPriority
                0x3fff0ddc        0x4 ./build/freertos.a(tasks.o)
 .bss.xTickCount
                0x3fff0de0        0x4 ./build/freertos.a(tasks.o)
 .bss.uxCurrentNumberOfTasks
                0x3fff0de4        0x4 ./build/freertos.a(tasks.o)
 .bss.xSuspendedTaskList
                0x3fff0de8       0x14 ./build/freertos.a(tasks.o)
 .bss.uxDeletedTasksWaitingCleanUp
                0x3fff0dfc        0x4 ./build/freertos.a(tasks.o)
 .bss.xTasksWaitingTermination
                0x3fff0e00       0x14 ./build/freertos.a(tasks.o)
 .bss.xPendingReadyList
                0x3fff0e14       0x14 ./build/freertos.a(tasks.o)
 .bss.pxOverflowDelayedTaskList
                0x3fff0e28        0x4 ./build/freertos.a(tasks.o)
 .bss.pxDelayedTaskList
                0x3fff0e2c        0x4 ./build/freertos.a(tasks.o)
 .bss.xDelayedTaskList2
                0x3fff0e30       0x14 ./build/freertos.a(tasks.o)
 .bss.xDelayedTaskList1
                0x3fff0e44       0x14 ./build/freertos.a(tasks.o)
 .bss.pxReadyTasksLists
                0x3fff0e58      0x12c ./build/freertos.a(tasks.o)
 .bss.pxCurrentTCB
                0x3fff0f84        0x4 ./build/freertos.a(tasks.o)
                0x3fff0f84                pxCurrentTCB
 .bss.xLastTime$3491
                0x3fff0f88        0x4 ./build/freertos.a(timers.o)
 .bss.xTimerTaskHandle
                0x3fff0f8c        0x4 ./build/freertos.a(timers.o)
 .bss.xTimerQueue
                0x3fff0f90        0x4 ./build/freertos.a(timers.o)
 .bss.pxOverflowTimerList
                0x3fff0f94        0x4 ./build/freertos.a(timers.o)
 .bss.pxCurrentTimerList
                0x3fff0f98        0x4 ./build/freertos.a(timers.o)
 .bss.xActiveTimerList2
                0x3fff0f9c       0x14 ./build/freertos.a(timers.o)
 .bss.xActiveTimerList1
                0x3fff0fb0       0x14 ./build/freertos.a(timers.o)
 .bss.uxCriticalNesting
                0x3fff0fc4        0x4 ./build/freertos.a(port.o)
 .bss.pending_maclayer_sv
                0x3fff0fc8        0x4 ./build/freertos.a(port.o)
 .bss.pending_soft_sv
                0x3fff0fcc        0x4 ./build/freertos.a(port.o)
 .bss.mbox      0x3fff0fd0        0x4 ./build/lwip.a(tcpip.o)
 .bss.tcpip_init_done_arg
                0x3fff0fd4        0x4 ./build/lwip.a(tcpip.o)
 .bss.tcpip_init_done
                0x3fff0fd8        0x4 ./build/lwip.a(tcpip.o)
 .bss.netif_num
                0x3fff0fdc        0x1 ./build/lwip.a(netif.o)
 .bss.tcp_timer_ctr
                0x3fff0fdd        0x1 ./build/lwip.a(tcp.o)
 .bss.tcp_timer
                0x3fff0fde        0x1 ./build/lwip.a(tcp.o)
 *fill*         0x3fff0fdf        0x1 
 .bss.recv_data
                0x3fff0fe0        0x4 ./build/lwip.a(tcp_in.o)
 .bss.recv_flags
                0x3fff0fe4        0x1 ./build/lwip.a(tcp_in.o)
 .bss.flags     0x3fff0fe5        0x1 ./build/lwip.a(tcp_in.o)
 .bss.tcplen    0x3fff0fe6        0x2 ./build/lwip.a(tcp_in.o)
 .bss.recv_acked
                0x3fff0fe8        0x2 ./build/lwip.a(tcp_in.o)
 *fill*         0x3fff0fea        0x2 
 .bss.ackno     0x3fff0fec        0x4 ./build/lwip.a(tcp_in.o)
 .bss.seqno     0x3fff0ff0        0x4 ./build/lwip.a(tcp_in.o)
 .bss.tcp_optidx
                0x3fff0ff4        0x2 ./build/lwip.a(tcp_in.o)
 *fill*         0x3fff0ff6        0x2 
 .bss.tcphdr_opt2
                0x3fff0ff8        0x4 ./build/lwip.a(tcp_in.o)
 .bss.tcphdr_opt1len
                0x3fff0ffc        0x2 ./build/lwip.a(tcp_in.o)
 .bss.tcphdr_optlen
                0x3fff0ffe        0x2 ./build/lwip.a(tcp_in.o)
 .bss.tcphdr    0x3fff1000        0x4 ./build/lwip.a(tcp_in.o)
 .bss.inseg     0x3fff1004       0x10 ./build/lwip.a(tcp_in.o)
 .bss.tcpip_tcp_timer_active
                0x3fff1014        0x4 ./build/lwip.a(timeouts.o)
 .bss.timeouts_last_time
                0x3fff1018        0x4 ./build/lwip.a(timeouts.o)
 .bss.next_timeout
                0x3fff101c        0x4 ./build/lwip.a(timeouts.o)
 .bss.xid$4486  0x3fff1020        0x4 ./build/lwip.a(dhcp.o)
 .bss.dhcp_pcb_refcount
                0x3fff1024        0x1 ./build/lwip.a(dhcp.o)
 *fill*         0x3fff1025        0x3 
 .bss.dhcp_pcb  0x3fff1028        0x4 ./build/lwip.a(dhcp.o)
 .bss.etharp_cached_entry
                0x3fff102c        0x1 ./build/lwip.a(etharp.o)
 *fill*         0x3fff102d        0x3 
 .bss.arp_table
                0x3fff1030       0xf0 ./build/lwip.a(etharp.o)
 .bss.allrouters
                0x3fff1120        0x4 ./build/lwip.a(igmp.o)
 .bss.allsystems
                0x3fff1124        0x4 ./build/lwip.a(igmp.o)
 .bss.ip4_default_multicast_netif
                0x3fff1128        0x4 ./build/lwip.a(ip4.o)
 .bss.ip_id     0x3fff112c        0x2 ./build/lwip.a(ip4.o)
 .bss.ip_reass_pbufcount
                0x3fff112e        0x2 ./build/lwip.a(ip4_frag.o)
 .bss.reassdatagrams
                0x3fff1130        0x4 ./build/lwip.a(ip4_frag.o)
 .bss.my_nesting
                0x3fff1134        0x4 ./build/lwip.a(sys_arch.o)
 .bss.dns_servers
                0x3fff1138        0x8 ./build/lwip.a(dns.o)
 .bss.dns_requests
                0x3fff1140        0xc ./build/lwip.a(dns.o)
 .bss.dns_table
                0x3fff114c       0x90 ./build/lwip.a(dns.o)
 .bss.dns_pcbs  0x3fff11dc        0x4 ./build/lwip.a(dns.o)
 .bss.user_exception_handler
                0x3fff11e0        0x4 ./build/core.a(debug_dumps.o)
 .bss._sysparam_info
                0x3fff11e4       0x18 ./build/core.a(sysparam.o)
 .bss.i2c_bus   0x3fff11fc       0x20 ./build/i2c.a(i2c.o)
 .bss.freq      0x3fff121c        0x1 ./build/i2c.a(i2c.o)
 *fill*         0x3fff121d        0x3 
 .bss.g_ppcTags
                0x3fff1220        0x4 ./build/httpd.a(httpd.o)
                0x3fff1220                g_ppcTags
 .bss.g_iNumTags
                0x3fff1224        0x4 ./build/httpd.a(httpd.o)
                0x3fff1224                g_iNumTags
 .bss.g_pfnSSIHandler
                0x3fff1228        0x4 ./build/httpd.a(httpd.o)
                0x3fff1228                g_pfnSSIHandler
 .bss.httpd_req_buf
                0x3fff122c      0x400 ./build/httpd.a(httpd.o)
 .bss.websocket_open_cb
                0x3fff162c        0x4 ./build/httpd.a(httpd.o)
 .bss.websocket_cb
                0x3fff1630        0x4 ./build/httpd.a(httpd.o)
 .bss.heap_end$3835
                0x3fff1634        0x4 ./build/core.a(newlib_syscalls.o)
 .bss.sockets   0x3fff1638       0xc0 ./build/lwip.a(sockets.o)
 *(.gnu.linkonce.b.*)
 *(COMMON)
 COMMON         0x3fff16f8        0x4 ./build/open_esplibs_libmain.a(misc.o)
                0x3fff16f8                sdk__putc1
 COMMON         0x3fff16fc       0x28 ./build/open_esplibs_libmain.a(user_interface.o)
                0x3fff16fc                sdk_cpu_overclock
                0x3fff1700                sdk_rst_if
                0x3fff1720                sdk_promiscuous_cb
 COMMON         0x3fff1724        0xc ./build/freertos.a(port.o)
                0x3fff1724                level1_int_disabled
                0x3fff1728                cpu_sr
                0x3fff172c                xPortSupervisorStackPointer
 COMMON         0x3fff1730        0x4 ./build/lwip.a(esp_interface.o)
                0x3fff1730                pp_rx_pool_usage
 COMMON         0x3fff1734        0x4 ./build/lwip.a(tcpip.o)
                0x3fff1734                lock_tcpip_core
 COMMON         0x3fff1738        0x8 ./build/lwip.a(netif.o)
                0x3fff1738                netif_list
                0x3fff173c                netif_default
 COMMON         0x3fff1740        0x1 ./build/lwip.a(pbuf.o)
                0x3fff1740                pbuf_free_ooseq_pending
 *fill*         0x3fff1741        0x3 
 COMMON         0x3fff1744       0x18 ./build/lwip.a(tcp.o)
                0x3fff1744                tcp_active_pcbs_changed
                0x3fff1748                tcp_active_pcbs
                0x3fff174c                tcp_ticks
                0x3fff1750                tcp_listen_pcbs
                0x3fff1754                tcp_bound_pcbs
                0x3fff1758                tcp_tw_pcbs
 COMMON         0x3fff175c        0x4 ./build/lwip.a(tcp_in.o)
                0x3fff175c                tcp_input_pcb
 COMMON         0x3fff1760        0x4 ./build/lwip.a(udp.o)
                0x3fff1760                udp_pcbs
 COMMON         0x3fff1764       0x34 ./build/lwip.a(dhcp.o)
                0x3fff1764                dhcp_rx_options_given
                0x3fff1770                dhcp_rx_options_val
 COMMON         0x3fff1798       0x18 ./build/lwip.a(ip.o)
                0x3fff1798                ip_data
 COMMON         0x3fff17b0       0x2d ./build/core.a(app_main.o)
                0x3fff17b0                sdk_info
                0x3fff17d4                sdk_xWatchDogTaskHandle
                0x3fff17d8                sdk_xUserTaskHandle
                0x3fff17dc                sdk_user_init_flag
 *fill*         0x3fff17dd        0x3 
 COMMON         0x3fff17e0       0x81 ./build/core.a(esp_interrupts.o)
                0x3fff17e0                isr
                0x3fff1860                esp_in_isr
 *fill*         0x3fff1861        0x3 
 COMMON         0x3fff1864       0x26 ./build/program.a(sensors.o)
                0x3fff1864                bmp280_dev
 *fill*         0x3fff188a        0x2 
 COMMON         0x3fff188c        0x8 ./build/httpd.a(httpd.o)
                0x3fff188c                g_iNumCGIs
                0x3fff1890                g_pCGIs
 COMMON         0x3fff1894       0x90 ./build/lwip.a(sockets.o)
                0x3fff1894                socket_ipv4_multicast_memberships
                0x3fff1928                . = ALIGN (0x8)
 *fill*         0x3fff1924        0x4 
                0x3fff1928                _bss_end = ABSOLUTE (.)
                0x3fff1928                _heap_start = ABSOLUTE (.)

.irom0.text     0x40202010    0x43988
                0x40202010                _irom0_text_start = ABSOLUTE (.)
 *(.literal .text .literal.* .text.* .rodata .rodata.*)
 .text.add_pending_timer
                0x40202010       0x9c ./build/open_esplibs_libmain.a(ets_timer.o)
 .text.timer_task
                0x402020ac       0xb9 ./build/open_esplibs_libmain.a(ets_timer.o)
                                 0xd5 (size before relaxing)
 *fill*         0x40202165        0x3 
 .text.sdk_ets_timer_arm_ms_us
                0x40202168       0x69 ./build/open_esplibs_libmain.a(ets_timer.o)
                                 0x7d (size before relaxing)
                0x40202170                sdk_ets_timer_arm_ms_us
 *fill*         0x402021d1        0x3 
 .text.sdk_ets_timer_arm
                0x402021d4       0x17 ./build/open_esplibs_libmain.a(ets_timer.o)
                                 0x1b (size before relaxing)
                0x402021d4                sdk_ets_timer_arm
 *fill*         0x402021eb        0x1 
 .text.sdk_ets_timer_disarm
                0x402021ec       0x50 ./build/open_esplibs_libmain.a(ets_timer.o)
                                 0x5c (size before relaxing)
                0x402021ec                sdk_ets_timer_disarm
 .text.sdk_ets_timer_init
                0x4020223c       0xa8 ./build/open_esplibs_libmain.a(ets_timer.o)
                                 0xb8 (size before relaxing)
                0x40202258                sdk_ets_timer_init
 .text.sdk_os_update_cpu_frequency
                0x402022e4        0xb ./build/open_esplibs_libmain.a(misc.o)
                0x402022e8                sdk_os_update_cpu_frequency
                0x402022e8                sdk_ets_update_cpu_frequency
 *fill*         0x402022ef        0x1 
 .text.sdk_os_delay_us
                0x402022f0       0x33 ./build/open_esplibs_libmain.a(misc.o)
                                 0x3f (size before relaxing)
                0x402022f0                sdk_os_delay_us
                0x402022f0                sdk_ets_delay_us
 *fill*         0x40202323        0x1 
 .text.sdk_os_install_putc1
                0x40202324        0xb ./build/open_esplibs_libmain.a(misc.o)
                0x40202328                sdk_os_install_putc1
 *fill*         0x4020232f        0x1 
 .text.sdk_gpio_output_set
                0x40202330       0x1d ./build/open_esplibs_libmain.a(misc.o)
                0x40202334                sdk_gpio_output_set
 *fill*         0x4020234d        0x3 
 .text.sdk_rtc_get_reset_reason
                0x40202350       0x4a ./build/open_esplibs_libmain.a(misc.o)
                0x40202358                sdk_rtc_get_reset_reason
 *fill*         0x4020239a        0x2 
 .text.timer_tramp
                0x4020239c       0x17 ./build/open_esplibs_libmain.a(timers.o)
                                 0x1f (size before relaxing)
 *fill*         0x402023b3        0x1 
 .text.sdk_os_timer_setfn
                0x402023b4       0xac ./build/open_esplibs_libmain.a(timers.o)
                                 0xb8 (size before relaxing)
                0x402023c4                sdk_os_timer_setfn
 .text.sdk_os_timer_arm
                0x40202460       0xac ./build/open_esplibs_libmain.a(timers.o)
                                 0xd4 (size before relaxing)
                0x4020246c                sdk_os_timer_arm
 .text.sdk_os_timer_disarm
                0x4020250c       0x27 ./build/open_esplibs_libmain.a(timers.o)
                                 0x37 (size before relaxing)
                0x40202510                sdk_os_timer_disarm
 *fill*         0x40202533        0x1 
 .text._check_boot_version
                0x40202534       0x3a ./build/open_esplibs_libmain.a(user_interface.o)
                                 0x3e (size before relaxing)
 *fill*         0x4020256e        0x2 
 .text.sdk_system_pp_recycle_rx_pkt
                0x40202570        0xf ./build/open_esplibs_libmain.a(user_interface.o)
                                 0x17 (size before relaxing)
                0x40202570                sdk_system_pp_recycle_rx_pkt
 *fill*         0x4020257f        0x1 
 .text.sdk_system_adc_read
                0x40202580       0x17 ./build/open_esplibs_libmain.a(user_interface.o)
                                 0x1b (size before relaxing)
                0x40202580                sdk_system_adc_read
 *fill*         0x40202597        0x1 
 .text.sdk_system_restart
                0x40202598       0x53 ./build/open_esplibs_libmain.a(user_interface.o)
                                 0x7b (size before relaxing)
                0x402025a4                sdk_system_restart
 *fill*         0x402025eb        0x1 
 .text.sdk_system_get_boot_version
                0x402025ec        0xe ./build/open_esplibs_libmain.a(user_interface.o)
                                 0x12 (size before relaxing)
                0x402025ec                sdk_system_get_boot_version
 *fill*         0x402025fa        0x2 
 .text.sdk_system_get_test_result
                0x402025fc       0x22 ./build/open_esplibs_libmain.a(user_interface.o)
                                 0x2e (size before relaxing)
                0x402025fc                sdk_system_get_test_result
 *fill*         0x4020261e        0x2 
 .text.sdk_system_upgrade_userbin_check
                0x40202620       0x40 ./build/open_esplibs_libmain.a(user_interface.o)
                                 0x44 (size before relaxing)
                0x40202620                sdk_system_upgrade_userbin_check
 .text.sdk_system_get_userbin_addr
                0x40202660       0x96 ./build/open_esplibs_libmain.a(user_interface.o)
                                 0x9e (size before relaxing)
                0x40202670                sdk_system_get_userbin_addr
 *fill*         0x402026f6        0x2 
 .text.sdk_system_update_cpu_freq
                0x402026f8       0x5d ./build/open_esplibs_libmain.a(user_interface.o)
                                 0x69 (size before relaxing)
                0x402026f8                sdk_system_update_cpu_freq
 *fill*         0x40202755        0x3 
 .text.sdk_system_get_cpu_freq
                0x40202758       0x1a ./build/open_esplibs_libmain.a(user_interface.o)
                0x4020275c                sdk_system_get_cpu_freq
 *fill*         0x40202772        0x2 
 .text.sdk_system_overclock
                0x40202774       0x31 ./build/open_esplibs_libmain.a(user_interface.o)
                                 0x3d (size before relaxing)
                0x40202778                sdk_system_overclock
 *fill*         0x402027a5        0x3 
 .text.sdk_system_restoreclock
                0x402027a8       0x33 ./build/open_esplibs_libmain.a(user_interface.o)
                                 0x43 (size before relaxing)
                0x402027a8                sdk_system_restoreclock
 *fill*         0x402027db        0x1 
 .text.sdk_system_station_got_ip_set
                0x402027dc       0x8d ./build/open_esplibs_libmain.a(user_interface.o)
                                 0xa9 (size before relaxing)
                0x402027e4                sdk_system_station_got_ip_set
 *fill*         0x40202869        0x3 
 .text.sdk_wifi_get_macaddr
                0x4020286c       0x67 ./build/open_esplibs_libmain.a(user_interface.o)
                                 0x73 (size before relaxing)
                0x40202874                sdk_wifi_get_macaddr
 *fill*         0x402028d3        0x1 
 .text.sdk_ieee80211_hostap_attach
                0x402028d4      0x19d ./build/open_esplibs_libnet80211.a(ieee80211_hostap.o)
                                0x1fd (size before relaxing)
                0x402028f8                sdk_ieee80211_hostap_attach
 *fill*         0x40202a71        0x3 
 .text.sdk_wifi_softap_start
                0x40202a74      0x15a ./build/open_esplibs_libnet80211.a(ieee80211_hostap.o)
                                0x196 (size before relaxing)
                0x40202a98                sdk_wifi_softap_start
 *fill*         0x40202bce        0x2 
 .text.sdk_wifi_softap_stop
                0x40202bd0      0x139 ./build/open_esplibs_libnet80211.a(ieee80211_hostap.o)
                                0x1a5 (size before relaxing)
                0x40202bd4                sdk_wifi_softap_stop
 *fill*         0x40202d09        0x3 
 .text.sdk_sta_status_set
                0x40202d0c       0x42 ./build/open_esplibs_libnet80211.a(ieee80211_sta.o)
                                 0x46 (size before relaxing)
                0x40202d0c                sdk_sta_status_set
 *fill*         0x40202d4e        0x2 
 .text.sdk_wifi_station_start
                0x40202d50       0x9d ./build/open_esplibs_libnet80211.a(ieee80211_sta.o)
                                 0xc5 (size before relaxing)
                0x40202d60                sdk_wifi_station_start
 *fill*         0x40202ded        0x3 
 .text.sdk_wifi_station_stop
                0x40202df0       0x4b ./build/open_esplibs_libnet80211.a(ieee80211_sta.o)
                                 0x5b (size before relaxing)
                0x40202df0                sdk_wifi_station_stop
 *fill*         0x40202e3b        0x1 
 .text.dhcp_if_down
                0x40202e3c       0x1d ./build/open_esplibs_libnet80211.a(wl_cnx.o)
                                 0x29 (size before relaxing)
                0x40202e3c                dhcp_if_down
 *fill*         0x40202e59        0x3 
 .text.sdk_cnx_rc_search
                0x40202e5c       0x62 ./build/open_esplibs_libnet80211.a(wl_cnx.o)
                                 0x66 (size before relaxing)
                0x40202e60                sdk_cnx_rc_search
 *fill*         0x40202ebe        0x2 
 .text.sdk_cnx_add_rc
                0x40202ec0       0x7c ./build/open_esplibs_libnet80211.a(wl_cnx.o)
                                 0x80 (size before relaxing)
                0x40202ec0                sdk_cnx_add_rc
 .text.sdk_cnx_remove_rc
                0x40202f3c       0x9b ./build/open_esplibs_libnet80211.a(wl_cnx.o)
                                 0x9f (size before relaxing)
                0x40202f40                sdk_cnx_remove_rc
 *fill*         0x40202fd7        0x1 
 .text.sdk_cnx_node_remove
                0x40202fd8       0x7c ./build/open_esplibs_libnet80211.a(wl_cnx.o)
                                 0x98 (size before relaxing)
                0x40202fd8                sdk_cnx_node_remove
 .text.sdk_cnx_node_search
                0x40203054       0x5a ./build/open_esplibs_libnet80211.a(wl_cnx.o)
                                 0x62 (size before relaxing)
                0x40203054                sdk_cnx_node_search
 *fill*         0x402030ae        0x2 
 .text.sdk_wpa_config_assoc_ie
                0x402030b0       0x17 ./build/open_esplibs_libwpa.a(wpa_main.o)
                                 0x1b (size before relaxing)
                0x402030b0                sdk_wpa_config_assoc_ie
 *fill*         0x402030c7        0x1 
 .text.sdk_dhcp_bind_check
                0x402030c8       0x22 ./build/open_esplibs_libwpa.a(wpa_main.o)
                                 0x26 (size before relaxing)
                0x402030c8                sdk_dhcp_bind_check
 *fill*         0x402030ea        0x2 
 .text.wpa_callback2
                0x402030ec       0x33 ./build/open_esplibs_libwpa.a(wpa_main.o)
                                 0x47 (size before relaxing)
 *fill*         0x4020311f        0x1 
 .text.wpa_callback1
                0x40203120       0x1b ./build/open_esplibs_libwpa.a(wpa_main.o)
                                 0x23 (size before relaxing)
 *fill*         0x4020313b        0x1 
 .text.sdk_wpa_config_profile
                0x4020313c       0x49 ./build/open_esplibs_libwpa.a(wpa_main.o)
                                 0x58 (size before relaxing)
                0x4020313c                sdk_wpa_config_profile
 *fill*         0x40203185        0x3 
 .text.sdk_wpa_config_bss
                0x40203188       0x2f ./build/open_esplibs_libwpa.a(wpa_main.o)
                                 0x37 (size before relaxing)
                0x40203188                sdk_wpa_config_bss
 *fill*         0x402031b7        0x1 
 .text.sdk_eagle_auth_done
                0x402031b8       0xff ./build/open_esplibs_libwpa.a(wpa_main.o)
                                0x163 (size before relaxing)
                0x402031dc                sdk_eagle_auth_done
 *fill*         0x402032b7        0x1 
 .text.sdk_wpa_neg_complete
                0x402032b8        0xf ./build/open_esplibs_libwpa.a(wpa_main.o)
                                 0x17 (size before relaxing)
                0x402032b8                sdk_wpa_neg_complete
 *fill*         0x402032c7        0x1 
 .text.sdk_wpa_attach
                0x402032c8       0x4f ./build/open_esplibs_libwpa.a(wpa_main.o)
                                 0x5f (size before relaxing)
                0x402032e0                sdk_wpa_attach
 *fill*         0x40203317        0x1 
 .text.prvResetNextTaskUnblockTime
                0x40203318       0x39 ./build/freertos.a(tasks.o)
 *fill*         0x40203351        0x3 
 .text.prvAddCurrentTaskToDelayedList
                0x40203354       0xa4 ./build/freertos.a(tasks.o)
                                 0xc4 (size before relaxing)
 .text.prvIdleTask
                0x402033f8       0x97 ./build/freertos.a(tasks.o)
                                 0xb3 (size before relaxing)
 *fill*         0x4020348f        0x1 
 .text.xTaskCreate
                0x40203490      0x23b ./build/freertos.a(tasks.o)
                                0x2bf (size before relaxing)
                0x402034b8                xTaskCreate
 *fill*         0x402036cb        0x1 
 .text.vTaskDelete
                0x402036cc       0xd1 ./build/freertos.a(tasks.o)
                                0x121 (size before relaxing)
                0x402036d4                vTaskDelete
 *fill*         0x4020379d        0x3 
 .text.vTaskStartScheduler
                0x402037a0       0xa4 ./build/freertos.a(tasks.o)
                                 0xd7 (size before relaxing)
                0x402037bc                vTaskStartScheduler
 *fill*         0x40203844        0x0 
 .text.vTaskSuspendAll
                0x40203844       0x11 ./build/freertos.a(tasks.o)
                                 0x15 (size before relaxing)
                0x40203844                vTaskSuspendAll
 *fill*         0x40203855        0x3 
 .text.xTaskGetTickCount
                0x40203858       0x27 ./build/freertos.a(tasks.o)
                                 0x33 (size before relaxing)
                0x40203858                xTaskGetTickCount
 *fill*         0x4020387f        0x1 
 .text.xTaskIncrementTick
                0x40203880      0x194 ./build/freertos.a(tasks.o)
                                0x1cc (size before relaxing)
                0x40203890                xTaskIncrementTick
 .text.xTaskResumeAll
                0x40203a14      0x105 ./build/freertos.a(tasks.o)
                                0x15d (size before relaxing)
                0x40203a18                xTaskResumeAll
 *fill*         0x40203b19        0x3 
 .text.vTaskDelay
                0x40203b1c       0x50 ./build/freertos.a(tasks.o)
                                 0x74 (size before relaxing)
                0x40203b1c                vTaskDelay
 .text.vTaskSwitchContext
                0x40203b6c       0xea ./build/freertos.a(tasks.o)
                                0x10a (size before relaxing)
                0x40203b78                vTaskSwitchContext
 *fill*         0x40203c56        0x2 
 .text.vTaskPlaceOnEventList
                0x40203c58       0x41 ./build/freertos.a(tasks.o)
                                 0x5d (size before relaxing)
                0x40203c5c                vTaskPlaceOnEventList
 *fill*         0x40203c99        0x3 
 .text.vTaskPlaceOnEventListRestricted
                0x40203c9c       0x4a ./build/freertos.a(tasks.o)
                                 0x66 (size before relaxing)
                0x40203ca0                vTaskPlaceOnEventListRestricted
 *fill*         0x40203ce6        0x2 
 .text.xTaskRemoveFromEventList
                0x40203ce8       0x87 ./build/freertos.a(tasks.o)
                                 0xcb (size before relaxing)
                0x40203cec                xTaskRemoveFromEventList
 *fill*         0x40203d6f        0x1 
 .text.vTaskInternalSetTimeOutState
                0x40203d70       0x16 ./build/freertos.a(tasks.o)
                                 0x1e (size before relaxing)
                0x40203d70                vTaskInternalSetTimeOutState
 *fill*         0x40203d86        0x2 
 .text.xTaskCheckForTimeOut
                0x40203d88       0x91 ./build/freertos.a(tasks.o)
                                 0xb1 (size before relaxing)
                0x40203d90                xTaskCheckForTimeOut
 *fill*         0x40203e19        0x3 
 .text.vTaskMissedYield
                0x40203e1c        0xc ./build/freertos.a(tasks.o)
                                 0x10 (size before relaxing)
                0x40203e1c                vTaskMissedYield
 .text.uxTaskGetStackHighWaterMark
                0x40203e28       0x2c ./build/freertos.a(tasks.o)
                                 0x30 (size before relaxing)
                0x40203e28                uxTaskGetStackHighWaterMark
 .text.xTaskGetSchedulerState
                0x40203e54       0x1e ./build/freertos.a(tasks.o)
                                 0x26 (size before relaxing)
                0x40203e54                xTaskGetSchedulerState
 *fill*         0x40203e72        0x2 
 .text.xTaskPriorityInherit
                0x40203e74       0xad ./build/freertos.a(tasks.o)
                                 0xc5 (size before relaxing)
                0x40203e74                xTaskPriorityInherit
 *fill*         0x40203f21        0x3 
 .text.xTaskPriorityDisinherit
                0x40203f24       0x92 ./build/freertos.a(tasks.o)
                                 0xbe (size before relaxing)
                0x40203f2c                xTaskPriorityDisinherit
 *fill*         0x40203fb6        0x2 
 .text.vTaskPriorityDisinheritAfterTimeout
                0x40203fb8       0xb3 ./build/freertos.a(tasks.o)
                                 0xd3 (size before relaxing)
                0x40203fc0                vTaskPriorityDisinheritAfterTimeout
 *fill*         0x4020406b        0x1 
 .text.pvTaskIncrementMutexHeldCount
                0x4020406c       0x1f ./build/freertos.a(tasks.o)
                                 0x23 (size before relaxing)
                0x4020406c                pvTaskIncrementMutexHeldCount
 *fill*         0x4020408b        0x1 
 .text.xTaskNotifyWait
                0x4020408c       0xdf ./build/freertos.a(tasks.o)
                                 0xff (size before relaxing)
                0x4020408c                xTaskNotifyWait
 *fill*         0x4020416b        0x1 
 .text.xTaskGenericNotifyFromISR
                0x4020416c      0x139 ./build/freertos.a(tasks.o)
                                0x17d (size before relaxing)
                0x40204178                xTaskGenericNotifyFromISR
 *fill*         0x402042a5        0x3 
 .text.prvCheckForValidListAndQueue
                0x402042a8       0x69 ./build/freertos.a(timers.o)
                                 0x89 (size before relaxing)
 *fill*         0x40204311        0x3 
 .text.prvInsertTimerInActiveList
                0x40204314       0x45 ./build/freertos.a(timers.o)
                                 0x59 (size before relaxing)
 *fill*         0x40204359        0x3 
 .text.xTimerCreateTimerTask
                0x4020435c       0x49 ./build/freertos.a(timers.o)
                                 0x61 (size before relaxing)
                0x4020436c                xTimerCreateTimerTask
 *fill*         0x402043a5        0x3 
 .text.xTimerCreate
                0x402043a8       0x59 ./build/freertos.a(timers.o)
                                 0x75 (size before relaxing)
                0x402043a8                xTimerCreate
 *fill*         0x40204401        0x3 
 .text.xTimerGenericCommand
                0x40204404       0x7f ./build/freertos.a(timers.o)
                                 0x9f (size before relaxing)
                0x40204404                xTimerGenericCommand
 *fill*         0x40204483        0x1 
 .text.prvSwitchTimerLists
                0x40204484       0x80 ./build/freertos.a(timers.o)
                                 0xa6 (size before relaxing)
 *fill*         0x40204504        0x0 
 .text.prvTimerTask
                0x40204504      0x1bb ./build/freertos.a(timers.o)
                                0x253 (size before relaxing)
 *fill*         0x402046bf        0x1 
 .text.pvTimerGetTimerID
                0x402046c0       0x2d ./build/freertos.a(timers.o)
                                 0x41 (size before relaxing)
                0x402046c0                pvTimerGetTimerID
 *fill*         0x402046ed        0x3 
 .text.vAssertCalled
                0x402046f0       0x22 ./build/freertos.a(port.o)
                                 0x26 (size before relaxing)
                0x402046f8                vAssertCalled
 *fill*         0x40204712        0x2 
 .text.pxPortInitialiseStack
                0x40204714       0x37 ./build/freertos.a(port.o)
                0x40204718                pxPortInitialiseStack
 *fill*         0x4020474b        0x1 
 .text.xPortSysTickHandle
                0x4020474c       0x14 ./build/freertos.a(port.o)
                                 0x23 (size before relaxing)
                0x4020474c                xPortSysTickHandle
 *fill*         0x40204760        0x0 
 .text.xPortStartScheduler
                0x40204760       0x7e ./build/freertos.a(port.o)
                                 0x8e (size before relaxing)
                0x40204774                xPortStartScheduler
 *fill*         0x402047de        0x2 
 .text.xPortGetFreeHeapSize
                0x402047e0       0x28 ./build/freertos.a(port.o)
                                 0x38 (size before relaxing)
                0x402047e0                xPortGetFreeHeapSize
 .text.xTaskGenericCreate
                0x40204808       0x15 ./build/freertos.a(port.o)
                                 0x19 (size before relaxing)
                0x40204808                xTaskGenericCreate
 *fill*         0x4020481d        0x3 
 .text.xQueueGenericReceive
                0x40204820       0x1e ./build/freertos.a(port.o)
                                 0x2d (size before relaxing)
                0x40204824                xQueueGenericReceive
 *fill*         0x4020483e        0x2 
 .text.prvCopyDataToQueue
                0x40204840       0xa7 ./build/freertos.a(queue.o)
                                 0xb3 (size before relaxing)
 *fill*         0x402048e7        0x1 
 .text.prvCopyDataFromQueue
                0x402048e8       0x2b ./build/freertos.a(queue.o)
                                 0x2f (size before relaxing)
 *fill*         0x40204913        0x1 
 .text.prvUnlockQueue
                0x40204914       0xc4 ./build/freertos.a(queue.o)
                                 0xec (size before relaxing)
 .text.xQueueGenericReset
                0x402049d8       0x91 ./build/freertos.a(queue.o)
                                 0xb5 (size before relaxing)
                0x402049dc                xQueueGenericReset
 *fill*         0x40204a69        0x3 
 .text.xQueueGenericCreate
                0x40204a6c       0x6c ./build/freertos.a(queue.o)
                                 0x80 (size before relaxing)
                0x40204a6c                xQueueGenericCreate
 .text.xQueueGenericSend
                0x40204ad8      0x183 ./build/freertos.a(queue.o)
                                0x21f (size before relaxing)
                0x40204ad8                xQueueGenericSend
 *fill*         0x40204c5b        0x1 
 .text.xQueueCreateMutex
                0x40204c5c       0x31 ./build/freertos.a(queue.o)
                                 0x3d (size before relaxing)
                0x40204c5c                xQueueCreateMutex
 *fill*         0x40204c8d        0x3 
 .text.xQueueGenericSendFromISR
                0x40204c90       0xbf ./build/freertos.a(queue.o)
                                 0xf3 (size before relaxing)
                0x40204c90                xQueueGenericSendFromISR
 *fill*         0x40204d4f        0x1 
 .text.xQueueReceive
                0x40204d50      0x179 ./build/freertos.a(queue.o)
                                0x215 (size before relaxing)
                0x40204d50                xQueueReceive
 *fill*         0x40204ec9        0x3 
 .text.xQueueSemaphoreTake
                0x40204ecc      0x1d0 ./build/freertos.a(queue.o)
                                0x288 (size before relaxing)
                0x40204ecc                xQueueSemaphoreTake
 .text.uxQueueMessagesWaiting
                0x4020509c       0x30 ./build/freertos.a(queue.o)
                                 0x44 (size before relaxing)
                0x4020509c                uxQueueMessagesWaiting
 .text.uxQueueMessagesWaitingFromISR
                0x402050cc       0x26 ./build/freertos.a(queue.o)
                                 0x2e (size before relaxing)
                0x402050cc                uxQueueMessagesWaitingFromISR
 *fill*         0x402050f2        0x2 
 .text.vQueueDelete
                0x402050f4       0x29 ./build/freertos.a(queue.o)
                                 0x35 (size before relaxing)
                0x402050f4                vQueueDelete
 *fill*         0x4020511d        0x3 
 .text.vQueueWaitForMessageRestricted
                0x40205120       0x6f ./build/freertos.a(queue.o)
                                 0x7f (size before relaxing)
                0x40205120                vQueueWaitForMessageRestricted
 *fill*         0x4020518f        0x1 
 .text.low_level_output
                0x40205190       0x5e ./build/lwip.a(esp_interface.o)
                                 0x7a (size before relaxing)
 *fill*         0x402051ee        0x2 
 .text.pp_recycle_rx_pbuf
                0x402051f0       0x38 ./build/lwip.a(esp_interface.o)
                                 0x44 (size before relaxing)
                0x402051f4                pp_recycle_rx_pbuf
 .text.ooseq_bytes_limit
                0x40205228        0x9 ./build/lwip.a(esp_interface.o)
                0x4020522c                ooseq_bytes_limit
 *fill*         0x40205231        0x3 
 .text.ooseq_pbufs_limit
                0x40205234       0x41 ./build/lwip.a(esp_interface.o)
                                 0x49 (size before relaxing)
                0x40205234                ooseq_pbufs_limit
 *fill*         0x40205275        0x3 
 .text.ethernetif_input
                0x40205278       0x87 ./build/lwip.a(esp_interface.o)
                                 0x9e (size before relaxing)
                0x40205284                ethernetif_input
 *fill*         0x402052ff        0x1 
 .text.sdk_pbuf_alloc
                0x40205300       0x33 ./build/lwip.a(esp_interface.o)
                                 0x3b (size before relaxing)
                0x40205300                sdk_pbuf_alloc
 *fill*         0x40205333        0x1 
 .text.ethernetif_init
                0x40205334       0x34 ./build/lwip.a(esp_interface.o)
                0x4020533c                ethernetif_init
 .text.tcpip_thread
                0x40205368       0x8f ./build/lwip.a(tcpip.o)
                                 0xbb (size before relaxing)
 *fill*         0x402053f7        0x1 
 .text.tcpip_inpkt
                0x402053f8       0x5b ./build/lwip.a(tcpip.o)
                                 0x77 (size before relaxing)
                0x402053f8                tcpip_inpkt
 *fill*         0x40205453        0x1 
 .text.tcpip_input
                0x40205454       0x34 ./build/lwip.a(tcpip.o)
                                 0x43 (size before relaxing)
                0x4020545c                tcpip_input
 *fill*         0x40205488        0x0 
 .text.tcpip_try_callback
                0x40205488       0x4e ./build/lwip.a(tcpip.o)
                                 0x6a (size before relaxing)
                0x40205488                tcpip_try_callback
 *fill*         0x402054d6        0x2 
 .text.tcpip_send_msg_wait_sem
                0x402054d8       0x30 ./build/lwip.a(tcpip.o)
                                 0x44 (size before relaxing)
                0x402054d8                tcpip_send_msg_wait_sem
 .text.tcpip_init
                0x40205508       0x4c ./build/lwip.a(tcpip.o)
                                 0x78 (size before relaxing)
                0x40205510                tcpip_init
 .text.lwip_htonl
                0x40205554       0x2b ./build/lwip.a(def.o)
                0x4020555c                lwip_htonl
 *fill*         0x4020557f        0x1 
 .text.lwip_init
                0x40205580       0x27 ./build/lwip.a(init.o)
                                 0x67 (size before relaxing)
                0x40205580                lwip_init
 *fill*         0x402055a7        0x1 
 .text.mem_malloc
                0x402055a8       0x25 ./build/lwip.a(mem.o)
                                 0x35 (size before relaxing)
                0x402055a8                mem_malloc
 *fill*         0x402055cd        0x3 
 .text.mem_free
                0x402055d0       0x13 ./build/lwip.a(mem.o)
                                 0x17 (size before relaxing)
                0x402055d0                mem_free
 *fill*         0x402055e3        0x1 
 .text.do_memp_malloc_pool
                0x402055e4       0x29 ./build/lwip.a(memp.o)
                                 0x3d (size before relaxing)
 *fill*         0x4020560d        0x3 
 .text.memp_malloc
                0x40205610       0x1b ./build/lwip.a(memp.o)
                                 0x23 (size before relaxing)
                0x40205614                memp_malloc
 *fill*         0x4020562b        0x1 
 .text.memp_free
                0x4020562c       0x21 ./build/lwip.a(memp.o)
                                 0x35 (size before relaxing)
                0x4020562c                memp_free
 *fill*         0x4020564d        0x3 
 .text.netif_issue_reports$part$0
                0x40205650       0x29 ./build/lwip.a(netif.o)
                                 0x39 (size before relaxing)
 *fill*         0x40205679        0x3 
 .text.netif_set_ipaddr
                0x4020567c       0x59 ./build/lwip.a(netif.o)
                                 0x6d (size before relaxing)
                0x40205680                netif_set_ipaddr
 *fill*         0x402056d5        0x3 
 .text.netif_set_addr
                0x402056d8       0xb6 ./build/lwip.a(netif.o)
                                 0xc6 (size before relaxing)
                0x402056d8                netif_set_addr
 *fill*         0x4020578e        0x2 
 .text.netif_add
                0x40205790       0xef ./build/lwip.a(netif.o)
                                 0xff (size before relaxing)
                0x40205798                netif_add
 *fill*         0x4020587f        0x1 
 .text.netif_set_default
                0x40205880        0xb ./build/lwip.a(netif.o)
                0x40205884                netif_set_default
 *fill*         0x4020588b        0x1 
 .text.netif_set_up
                0x4020588c       0x27 ./build/lwip.a(netif.o)
                                 0x2b (size before relaxing)
                0x4020588c                netif_set_up
 *fill*         0x402058b3        0x1 
 .text.netif_set_down
                0x402058b4       0x20 ./build/lwip.a(netif.o)
                                 0x27 (size before relaxing)
                0x402058b4                netif_set_down
 *fill*         0x402058d4        0x0 
 .text.netif_get_by_index
                0x402058d4       0x30 ./build/lwip.a(netif.o)
                                 0x34 (size before relaxing)
                0x402058d4                netif_get_by_index
 .text.pbuf_free_ooseq_callback
                0x40205904       0x40 ./build/lwip.a(pbuf.o)
                                 0x54 (size before relaxing)
 .text.pbuf_add_header_impl
                0x40205944       0x5a ./build/lwip.a(pbuf.o)
 *fill*         0x4020599e        0x2 
 .text.pbuf_alloc_reference
                0x402059a0       0x45 ./build/lwip.a(pbuf.o)
                                 0x49 (size before relaxing)
                0x402059a0                pbuf_alloc_reference
 *fill*         0x402059e5        0x3 
 .text.pbuf_add_header
                0x402059e8       0x14 ./build/lwip.a(pbuf.o)
                                 0x18 (size before relaxing)
                0x402059e8                pbuf_add_header
 .text.pbuf_remove_header
                0x402059fc       0x29 ./build/lwip.a(pbuf.o)
                                 0x2d (size before relaxing)
                0x402059fc                pbuf_remove_header
 *fill*         0x40205a25        0x3 
 .text.pbuf_header_force
                0x40205a28       0x27 ./build/lwip.a(pbuf.o)
                                 0x33 (size before relaxing)
                0x40205a28                pbuf_header_force
 *fill*         0x40205a4f        0x1 
 .text.pbuf_free
                0x40205a50       0x79 ./build/lwip.a(pbuf.o)
                                 0x9d (size before relaxing)
                0x40205a50                pbuf_free
 *fill*         0x40205ac9        0x3 
 .text.pbuf_alloc
                0x40205acc      0x157 ./build/lwip.a(pbuf.o)
                                0x197 (size before relaxing)
                0x40205ad0                pbuf_alloc
 *fill*         0x40205c23        0x1 
 .text.pbuf_realloc
                0x40205c24       0x74 ./build/lwip.a(pbuf.o)
                                 0x7f (size before relaxing)
                0x40205c24                pbuf_realloc
 *fill*         0x40205c98        0x0 
 .text.pbuf_free_header
                0x40205c98       0x53 ./build/lwip.a(pbuf.o)
                                 0x5b (size before relaxing)
                0x40205c98                pbuf_free_header
 *fill*         0x40205ceb        0x1 
 .text.pbuf_ref
                0x40205cec       0x25 ./build/lwip.a(pbuf.o)
                                 0x31 (size before relaxing)
                0x40205cec                pbuf_ref
 *fill*         0x40205d11        0x3 
 .text.pbuf_chain
                0x40205d14       0x40 ./build/lwip.a(pbuf.o)
                                 0x44 (size before relaxing)
                0x40205d14                pbuf_chain
 .text.pbuf_copy
                0x40205d54       0x68 ./build/lwip.a(pbuf.o)
                                 0x6c (size before relaxing)
                0x40205d54                pbuf_copy
 .text.pbuf_copy_partial
                0x40205dbc       0x82 ./build/lwip.a(pbuf.o)
                                 0x86 (size before relaxing)
                0x40205dbc                pbuf_copy_partial
 *fill*         0x40205e3e        0x2 
 .text.pbuf_take
                0x40205e40       0x6e ./build/lwip.a(pbuf.o)
                                 0x72 (size before relaxing)
                0x40205e40                pbuf_take
 *fill*         0x40205eae        0x2 
 .text.pbuf_take_at
                0x40205eb0       0x8f ./build/lwip.a(pbuf.o)
                                 0x9f (size before relaxing)
                0x40205eb0                pbuf_take_at
 *fill*         0x40205f3f        0x1 
 .text.pbuf_clone
                0x40205f40       0x2b ./build/lwip.a(pbuf.o)
                                 0x37 (size before relaxing)
                0x40205f40                pbuf_clone
 *fill*         0x40205f6b        0x1 
 .text.tcp_new_port
                0x40205f6c       0x64 ./build/lwip.a(tcp.o)
 .text.tcp_close_shutdown_fin
                0x40205fd0       0x86 ./build/lwip.a(tcp.o)
                                 0xa2 (size before relaxing)
 *fill*         0x40206056        0x2 
 .text.tcp_init
                0x40206058       0x23 ./build/lwip.a(tcp.o)
                                 0x27 (size before relaxing)
                0x4020605c                tcp_init
 *fill*         0x4020607b        0x1 
 .text.tcp_backlog_accepted
                0x4020607c       0x15 ./build/lwip.a(tcp.o)
                                 0x1c (size before relaxing)
                0x4020607c                tcp_backlog_accepted
 *fill*         0x40206091        0x3 
 .text.tcp_bind
                0x40206094       0xa6 ./build/lwip.a(tcp.o)
                                 0xb6 (size before relaxing)
                0x40206098                tcp_bind
 *fill*         0x4020613a        0x2 
 .text.tcp_listen_with_backlog_and_err
                0x4020613c      0x115 ./build/lwip.a(tcp.o)
                                0x129 (size before relaxing)
                0x40206144                tcp_listen_with_backlog_and_err
 *fill*         0x40206251        0x3 
 .text.tcp_listen_with_backlog
                0x40206254       0x17 ./build/lwip.a(tcp.o)
                                 0x1b (size before relaxing)
                0x40206254                tcp_listen_with_backlog
 *fill*         0x4020626b        0x1 
 .text.tcp_update_rcv_ann_wnd
                0x4020626c       0x46 ./build/lwip.a(tcp.o)
                0x40206270                tcp_update_rcv_ann_wnd
 *fill*         0x402062b2        0x2 
 .text.tcp_recved
                0x402062b4       0x67 ./build/lwip.a(tcp.o)
                                 0x73 (size before relaxing)
                0x402062b8                tcp_recved
 *fill*         0x4020631b        0x1 
 .text.tcp_connect
                0x4020631c      0x1ac ./build/lwip.a(tcp.o)
                                0x1e0 (size before relaxing)
                0x4020632c                tcp_connect
 .text.tcp_seg_free
                0x402064c8       0x26 ./build/lwip.a(tcp.o)
                                 0x31 (size before relaxing)
                0x402064c8                tcp_seg_free
 *fill*         0x402064ee        0x2 
 .text.tcp_segs_free
                0x402064f0       0x21 ./build/lwip.a(tcp.o)
                                 0x25 (size before relaxing)
                0x402064f0                tcp_segs_free
 *fill*         0x40206511        0x3 
 .text.tcp_seg_copy
                0x40206514       0x33 ./build/lwip.a(tcp.o)
                                 0x43 (size before relaxing)
                0x40206514                tcp_seg_copy
 *fill*         0x40206547        0x1 
 .text.tcp_next_iss
                0x40206548       0x10 ./build/lwip.a(tcp.o)
                                 0x18 (size before relaxing)
                0x40206548                tcp_next_iss
 .text.tcp_free_ooseq
                0x40206558       0x3b ./build/lwip.a(tcp.o)
                                 0x43 (size before relaxing)
                0x40206558                tcp_free_ooseq
 *fill*         0x40206593        0x1 
 .text.tcp_pcb_purge
                0x40206594       0x85 ./build/lwip.a(tcp.o)
                                 0x9d (size before relaxing)
                0x40206594                tcp_pcb_purge
 *fill*         0x40206619        0x3 
 .text.tcp_pcb_remove
                0x4020661c       0x6c ./build/lwip.a(tcp.o)
                                 0x78 (size before relaxing)
                0x4020661c                tcp_pcb_remove
 .text.tcp_abandon
                0x40206688      0x12f ./build/lwip.a(tcp.o)
                                0x16b (size before relaxing)
                0x4020668c                tcp_abandon
 *fill*         0x402067b7        0x1 
 .text.tcp_abort
                0x402067b8       0x14 ./build/lwip.a(tcp.o)
                                 0x18 (size before relaxing)
                0x402067b8                tcp_abort
 .text.tcp_accept_null
                0x402067cc       0x16 ./build/lwip.a(tcp.o)
                                 0x1e (size before relaxing)
 *fill*         0x402067e2        0x2 
 .text.tcp_kill_timewait
                0x402067e4       0x42 ./build/lwip.a(tcp.o)
                                 0x4e (size before relaxing)
 *fill*         0x40206826        0x2 
 .text.tcp_netif_ip_addr_changed_pcblist
                0x40206828       0x35 ./build/lwip.a(tcp.o)
                                 0x39 (size before relaxing)
 *fill*         0x4020685d        0x3 
 .text.tcp_netif_ip_addr_changed
                0x40206860       0x57 ./build/lwip.a(tcp.o)
                                 0x6f (size before relaxing)
                0x40206860                tcp_netif_ip_addr_changed
 *fill*         0x402068b7        0x1 
 .text.tcp_kill_state
                0x402068b8       0x3c ./build/lwip.a(tcp.o)
                                 0x48 (size before relaxing)
 .text.tcp_alloc
                0x402068f4      0x125 ./build/lwip.a(tcp.o)
                                0x185 (size before relaxing)
                0x40206908                tcp_alloc
 *fill*         0x40206a19        0x3 
 .text.tcp_new  0x40206a1c       0x14 ./build/lwip.a(tcp.o)
                                 0x18 (size before relaxing)
                0x40206a1c                tcp_new
 .text.tcp_new_ip_type
                0x40206a30       0x14 ./build/lwip.a(tcp.o)
                                 0x18 (size before relaxing)
                0x40206a30                tcp_new_ip_type
 .text.tcp_close_shutdown
                0x40206a44      0x19b ./build/lwip.a(tcp.o)
                                0x1ef (size before relaxing)
 *fill*         0x40206bdf        0x1 
 .text.tcp_close
                0x40206be0       0x27 ./build/lwip.a(tcp.o)
                                 0x2b (size before relaxing)
                0x40206be0                tcp_close
 *fill*         0x40206c07        0x1 
 .text.tcp_recv_null
                0x40206c08       0x3d ./build/lwip.a(tcp.o)
                                 0x4d (size before relaxing)
                0x40206c08                tcp_recv_null
 *fill*         0x40206c45        0x3 
 .text.tcp_process_refused_data
                0x40206c48       0x97 ./build/lwip.a(tcp.o)
                                 0xa3 (size before relaxing)
                0x40206c48                tcp_process_refused_data
 *fill*         0x40206cdf        0x1 
 .text.tcp_fasttmr
                0x40206ce0       0x93 ./build/lwip.a(tcp.o)
                                 0xb3 (size before relaxing)
                0x40206ce0                tcp_fasttmr
 *fill*         0x40206d73        0x1 
 .text.tcp_shutdown
                0x40206d74       0x71 ./build/lwip.a(tcp.o)
                                 0x85 (size before relaxing)
                0x40206d74                tcp_shutdown
 *fill*         0x40206de5        0x3 
 .text.tcp_slowtmr
                0x40206de8      0x397 ./build/lwip.a(tcp.o)
                                0x3ff (size before relaxing)
                0x40206df8                tcp_slowtmr
 *fill*         0x4020717f        0x1 
 .text.tcp_tmr  0x40207180       0x27 ./build/lwip.a(tcp.o)
                                 0x37 (size before relaxing)
                0x40207184                tcp_tmr
 *fill*         0x402071a7        0x1 
 .text.tcp_get_next_optbyte
                0x402071a8       0x45 ./build/lwip.a(tcp_in.o)
 *fill*         0x402071ed        0x3 
 .text.tcp_oos_insert_segment
                0x402071f0      0x11e ./build/lwip.a(tcp_in.o)
                                0x13e (size before relaxing)
 *fill*         0x4020730e        0x2 
 .text.tcp_parseopt$part$0
                0x40207310      0x17d ./build/lwip.a(tcp_in.o)
                                0x1d9 (size before relaxing)
 *fill*         0x4020748d        0x3 
 .text.unlikely.tcp_input_delayed_close$part$1
                0x40207490       0x39 ./build/lwip.a(tcp_in.o)
                                 0x49 (size before relaxing)
 *fill*         0x402074c9        0x3 
 .text.tcp_free_acked_segments$isra$2
                0x402074cc       0xb2 ./build/lwip.a(tcp_in.o)
                                 0xce (size before relaxing)
 *fill*         0x4020757e        0x2 
 .text.tcp_receive
                0x40207580      0xe5c ./build/lwip.a(tcp_in.o)
                                0xfe4 (size before relaxing)
 .text.tcp_input
                0x402083dc      0xbe3 ./build/lwip.a(tcp_in.o)
                                0xdb7 (size before relaxing)
                0x402083f0                tcp_input
 *fill*         0x40208fbf        0x1 